Archive member included to satisfy reference by file (symbol)

C:/devkitPro/libctru/lib\libctru.a(console.o)
                              main.o (consoleSelect)
C:/devkitPro/libctru/lib\libctru.a(gfx.o)
                              C:/devkitPro/libctru/lib\libctru.a(console.o) (gfxIsWide)
C:/devkitPro/libctru/lib\libctru.a(apt.o)
                              main.o (aptMainLoop)
C:/devkitPro/libctru/lib\libctru.a(gspgpu.o)
                              C:/devkitPro/libctru/lib\libctru.a(gfx.o) (gspInit)
C:/devkitPro/libctru/lib\libctru.a(hid.o)
                              main.o (hidScanInput)
C:/devkitPro/libctru/lib\libctru.a(irrst.o)
                              C:/devkitPro/libctru/lib\libctru.a(hid.o) (irrstInit)
C:/devkitPro/libctru/lib\libctru.a(ctru_init.o)
                              C:/devkitPro/libctru/lib\libctru.a(apt.o) (__system_retAddr)
C:/devkitPro/libctru/lib\libctru.a(initArgv.o)
                              C:/devkitPro/libctru/lib\libctru.a(ctru_init.o) (__system_initArgv)
C:/devkitPro/libctru/lib\libctru.a(syscalls.o)
                              C:/devkitPro/libctru/lib\libctru.a(ctru_init.o) (__system_initSyscalls)
C:/devkitPro/libctru/lib\libctru.a(svc.o)
                              main.o (svcSleepThread)
C:/devkitPro/libctru/lib\libctru.a(stack_adjust.o)
                              C:/devkitPro/devkitARM/bin/../lib/gcc/arm-none-eabi/13.2.0/../../../../arm-none-eabi/lib/armv6k/fpu/3dsx_crt0.o (initSystem)
C:/devkitPro/libctru/lib\libctru.a(default_font.bin.o)
                              C:/devkitPro/libctru/lib\libctru.a(console.o) (default_font_bin)
C:/devkitPro/libctru/lib\libctru.a(linear.o)
                              C:/devkitPro/libctru/lib\libctru.a(gfx.o) (linearAlloc)
C:/devkitPro/libctru/lib\libctru.a(mem_pool.o)
                              C:/devkitPro/libctru/lib\libctru.a(linear.o) (MemPool::Allocate(MemChunk&, unsigned long, int))
C:/devkitPro/libctru/lib\libctru.a(vram.o)
                              C:/devkitPro/libctru/lib\libctru.a(gfx.o) (vramAlloc)
C:/devkitPro/libctru/lib\libctru.a(3dslink.o)
                              C:/devkitPro/libctru/lib\libctru.a(initArgv.o) (__3dslink_host)
C:/devkitPro/libctru/lib\libctru.a(env.o)
                              C:/devkitPro/libctru/lib\libctru.a(irrst.o) (envGetHandle)
C:/devkitPro/libctru/lib\libctru.a(os.o)
                              C:/devkitPro/libctru/lib\libctru.a(syscalls.o) (osGetTime)
C:/devkitPro/libctru/lib\libctru.a(srv.o)
                              C:/devkitPro/libctru/lib\libctru.a(apt.o) (srvInit)
C:/devkitPro/libctru/lib\libctru.a(synchronization.o)
                              C:/devkitPro/libctru/lib\libctru.a(ctru_init.o) (__sync_init)
C:/devkitPro/libctru/lib\libctru.a(thread.o)
                              C:/devkitPro/libctru/lib\libctru.a(apt.o) (threadCreate)
C:/devkitPro/libctru/lib\libctru.a(mappable.o)
                              C:/devkitPro/libctru/lib\libctru.a(apt.o) (mappableAlloc)
C:/devkitPro/libctru/lib\libctru.a(ptmsysm.o)
                              C:/devkitPro/libctru/lib\libctru.a(os.o) (ptmSysmInit)
C:/devkitPro/libctru/lib\libctru.a(srvpm.o)
                              C:/devkitPro/libctru/lib\libctru.a(srv.o) (srvPmGetSessionHandle)
C:/devkitPro/libctru/lib\libctru.a(soc_connect.o)
                              C:/devkitPro/libctru/lib\libctru.a(3dslink.o) (connect)
C:/devkitPro/libctru/lib\libctru.a(soc_socket.o)
                              C:/devkitPro/libctru/lib\libctru.a(3dslink.o) (socket)
C:/devkitPro/libctru/lib\libctru.a(rbtree_find.o)
                              C:/devkitPro/libctru/lib\libctru.a(linear.o) (rbtree_find)
C:/devkitPro/libctru/lib\libctru.a(rbtree_init.o)
                              C:/devkitPro/libctru/lib\libctru.a(linear.o) (rbtree_init)
C:/devkitPro/libctru/lib\libctru.a(rbtree_insert.o)
                              C:/devkitPro/libctru/lib\libctru.a(linear.o) (rbtree_insert)
C:/devkitPro/libctru/lib\libctru.a(rbtree_remove.o)
                              C:/devkitPro/libctru/lib\libctru.a(linear.o) (rbtree_remove)
C:/devkitPro/libctru/lib\libctru.a(rbtree_rotate.o)
                              C:/devkitPro/libctru/lib\libctru.a(rbtree_insert.o) (rbtree_rotate)
C:/devkitPro/libctru/lib\libctru.a(allocateHeaps.o)
                              C:/devkitPro/libctru/lib\libctru.a(ctru_init.o) (__system_allocateHeaps)
C:/devkitPro/libctru/lib\libctru.a(appExit.o)
                              C:/devkitPro/libctru/lib\libctru.a(stack_adjust.o) (__appExit)
C:/devkitPro/libctru/lib\libctru.a(appInit.o)
                              C:/devkitPro/libctru/lib\libctru.a(stack_adjust.o) (__appInit)
C:/devkitPro/libctru/lib\libctru.a(ctru_exit.o)
                              C:/devkitPro/libctru/lib\libctru.a(stack_adjust.o) (__libctru_exit)
C:/devkitPro/libctru/lib\libctru.a(archive_dev.o)
[...]
Memory Configuration

Name             Origin             Length             Attributes
*default*        0x00000000         0xffffffff

Linker script and memory map

                0x00100000                        PROVIDE (__start__ = 0x100000)
                0x00100000                        . = __start__

.text           0x00100000    0x1750c
 *(.crt0)
 .crt0          0x00100000       0x94 C:/devkitPro/devkitARM/bin/../lib/gcc/arm-none-eabi/13.2.0/../../../../arm-none-eabi/lib/armv6k/fpu/3dsx_crt0.o
                0x00100000                _start
                0x00100008                __service_ptr
                0x0010000c                __apt_appid
                0x00100010                __heap_size
                0x00100014                __linear_heap_size
                0x00100018                __system_arglist
                0x0010001c                __system_runflags
 *(.init)
 .init          0x00100094        0xc C:/devkitPro/devkitARM/bin/../lib/gcc/arm-none-eabi/13.2.0/armv6k/fpu/crti.o
                0x00100094                _init
 .init          0x001000a0        0xc C:/devkitPro/devkitARM/bin/../lib/gcc/arm-none-eabi/13.2.0/armv6k/fpu/crtn.o
                0x001000ac                        . = ALIGN (0x4)
 *(.text)
 .text          0x001000ac      0x240 C:/devkitPro/devkitARM/bin/../lib/gcc/arm-none-eabi/13.2.0/armv6k/fpu\libgcc.a(_divsi3.o)
                0x001000ac                __divsi3
                0x001000ac                __aeabi_idiv
                0x001002cc                __aeabi_idivmod
 .text          0x001002ec        0x4 C:/devkitPro/devkitARM/bin/../lib/gcc/arm-none-eabi/13.2.0/armv6k/fpu\libgcc.a(_dvmd_tls.o)
                0x001002ec                __aeabi_idiv0
                0x001002ec                __aeabi_ldiv0
 .text          0x001002f0       0xd4 C:/devkitPro/devkitARM/bin/../lib/gcc/arm-none-eabi/13.2.0/armv6k/fpu\libgcc.a(_aeabi_ldivmod.o)
                0x001002f0                __aeabi_ldivmod
 .text          0x001003c4       0x3c C:/devkitPro/devkitARM/bin/../lib/gcc/arm-none-eabi/13.2.0/armv6k/fpu\libgcc.a(_aeabi_uldivmod.o)
                0x001003c4                __aeabi_uldivmod
 .text          0x00100400      0x390 C:/devkitPro/devkitARM/bin/../lib/gcc/arm-none-eabi/13.2.0/../../../../arm-none-eabi/lib/armv6k/fpu\libg.a(libc_a-strcmp.o)
                0x00100408                strcmp
 .text          0x00100790      0x20c C:/devkitPro/devkitARM/bin/../lib/gcc/arm-none-eabi/13.2.0/armv6k/fpu\libgcc.a(_udivsi3.o)
                0x00100790                __aeabi_uidiv
                0x00100790                __udivsi3
                0x0010097c                __aeabi_uidivmod
 *(.text.*)
 .text.__do_global_dtors_aux
                0x0010099c       0x40 C:/devkitPro/devkitARM/bin/../lib/gcc/arm-none-eabi/13.2.0/armv6k/fpu/crtbegin.o
 .text.frame_dummy
                0x001009dc       0x2c C:/devkitPro/devkitARM/bin/../lib/gcc/arm-none-eabi/13.2.0/armv6k/fpu/crtbegin.o
 .text.startup.main
                0x00100a08      0x430 main.o
                0x00100a08                main
 .text.consoleHandleColorEsc
                0x00100e38      0x51c C:/devkitPro/libctru/lib\libctru.a(console.o)
 .text.consoleColorStateShift
                0x00101354       0xb8 C:/devkitPro/libctru/lib\libctru.a(console.o)
 .text.consoleSelect
                0x0010140c       0x18 C:/devkitPro/libctru/lib\libctru.a(console.o)
                0x0010140c                consoleSelect
 .text.consoleDrawChar
                0x00101424      0x1ac C:/devkitPro/libctru/lib\libctru.a(console.o)
                0x00101424                consoleDrawChar
 .text.consolePrintChar
                0x001015d0      0x124 C:/devkitPro/libctru/lib\libctru.a(console.o)
                0x001015d0                consolePrintChar
 .text.con_write
                0x001016f4      0x6f4 C:/devkitPro/libctru/lib\libctru.a(console.o)
                0x001016f4                con_write
 .text.newRow   0x00101de8       0xfc C:/devkitPro/libctru/lib\libctru.a(console.o)
 .text.consoleInit
                0x00101ee4      0x18c C:/devkitPro/libctru/lib\libctru.a(console.o)
                0x00101ee4                consoleInit
 .text.gfxPresentFramebuffer
                0x00102070       0xd0 C:/devkitPro/libctru/lib\libctru.a(gfx.o)
 .text.gfxIsWide
                0x00102140       0x1c C:/devkitPro/libctru/lib\libctru.a(gfx.o)
                0x00102140                gfxIsWide
 .text.gfxSetScreenFormat
                0x0010215c       0xec C:/devkitPro/libctru/lib\libctru.a(gfx.o)
                0x0010215c                gfxSetScreenFormat
 .text.gfxSetDoubleBuffering
                0x00102248       0x10 C:/devkitPro/libctru/lib\libctru.a(gfx.o)
                0x00102248                gfxSetDoubleBuffering
 .text.gfxInit  0x00102258       0xe0 C:/devkitPro/libctru/lib\libctru.a(gfx.o)
                0x00102258                gfxInit
 .text.gfxInitDefault
                0x00102338       0x10 C:/devkitPro/libctru/lib\libctru.a(gfx.o)
                0x00102338                gfxInitDefault
 .text.gfxExit  0x00102348       0xb4 C:/devkitPro/libctru/lib\libctru.a(gfx.o)
                0x00102348                gfxExit
 .text.gfxGetFramebuffer
                0x001023fc       0xa0 C:/devkitPro/libctru/lib\libctru.a(gfx.o)
                0x001023fc                gfxGetFramebuffer
 .text.gfxFlushBuffers
                0x0010249c      0x104 C:/devkitPro/libctru/lib\libctru.a(gfx.o)
                0x0010249c                gfxFlushBuffers
 .text.gfxSwapBuffers
                0x001025a0       0x50 C:/devkitPro/libctru/lib\libctru.a(gfx.o)
                0x001025a0                gfxSwapBuffers
 .text.gfxSwapBuffersGpu
                0x001025f0       0x50 C:/devkitPro/libctru/lib\libctru.a(gfx.o)
                0x001025f0                gfxSwapBuffersGpu
 .text.aptConvertScreenForCapture
                0x00102640      0x1ac C:/devkitPro/libctru/lib\libctru.a(apt.o)
 .text.aptDspSleep
                0x001027ec        0x8 C:/devkitPro/libctru/lib\libctru.a(apt.o)
                0x001027ec                aptDspSleep
 .text.aptDspWakeup
                0x001027f4        0x4 C:/devkitPro/libctru/lib\libctru.a(apt.o)
                0x001027f4                aptDspWakeup
 .text.aptDspCancel
                0x001027f8        0x4 C:/devkitPro/libctru/lib\libctru.a(apt.o)
                0x001027f8                aptDspCancel
 .text.aptSendCommand
                0x001027fc      0x158 C:/devkitPro/libctru/lib\libctru.a(apt.o)
                0x001027fc                aptSendCommand
 *fill*         0x00102954        0x4 
 .text.aptExitProcess
                0x00102958       0x44 C:/devkitPro/libctru/lib\libctru.a(apt.o)
 .text.aptExit  0x0010299c      0x38c C:/devkitPro/libctru/lib\libctru.a(apt.o)
                0x0010299c                aptExit
 .text.aptHandleSleep
                0x00102d28       0xe0 C:/devkitPro/libctru/lib\libctru.a(apt.o)
                0x00102d28                aptHandleSleep
 .text.APT_SleepIfShellClosed
                0x00102e08       0x84 C:/devkitPro/libctru/lib\libctru.a(apt.o)
                0x00102e08                APT_SleepIfShellClosed
 .text.aptSetSleepAllowed
                0x00102e8c       0x84 C:/devkitPro/libctru/lib\libctru.a(apt.o)
                0x00102e8c                aptSetSleepAllowed
 .text.APT_UnlockTransition
                0x00102f10       0x84 C:/devkitPro/libctru/lib\libctru.a(apt.o)
                0x00102f10                APT_UnlockTransition
 *fill*         0x00102f94        0x4 
 .text.aptEventHandler
                0x00102f98      0x4a4 C:/devkitPro/libctru/lib\libctru.a(apt.o)
 .text.APT_ReceiveParameter
                0x0010343c       0xb0 C:/devkitPro/libctru/lib\libctru.a(apt.o)
                0x0010343c                APT_ReceiveParameter
 .text.aptReceiveParameter.constprop.0
                0x001034ec       0xac C:/devkitPro/libctru/lib\libctru.a(apt.o)
 .text.aptScreenTransfer
                0x00103598      0x2ac C:/devkitPro/libctru/lib\libctru.a(apt.o)
 .text.aptWaitForWakeUp.isra.0
                0x00103844      0x320 C:/devkitPro/libctru/lib\libctru.a(apt.o)
 .text.aptJumpToHomeMenu
                0x00103b64       0xf8 C:/devkitPro/libctru/lib\libctru.a(apt.o)
                0x00103b64                aptJumpToHomeMenu
 .text.aptMainLoop
                0x00103c5c       0x48 C:/devkitPro/libctru/lib\libctru.a(apt.o)
                0x00103c5c                aptMainLoop
 .text.aptInit  0x00103ca4      0x22c C:/devkitPro/libctru/lib\libctru.a(apt.o)
                0x00103ca4                aptInit
 .text.APT_CheckNew3DS
                0x00103ed0       0x7c C:/devkitPro/libctru/lib\libctru.a(apt.o)
                0x00103ed0                APT_CheckNew3DS
 .text.gspHardwareInit
                0x00103f4c      0xc64 C:/devkitPro/libctru/lib\libctru.a(gspgpu.o)
 .text.gspInit  0x00104bb0      0x248 C:/devkitPro/libctru/lib\libctru.a(gspgpu.o)
                0x00104bb0                gspInit
 .text.gspExit  0x00104df8       0xf0 C:/devkitPro/libctru/lib\libctru.a(gspgpu.o)
                0x00104df8                gspExit
 .text.gspHasGpuRight
                0x00104ee8       0x10 C:/devkitPro/libctru/lib\libctru.a(gspgpu.o)
                0x00104ee8                gspHasGpuRight
 .text.gspPresentBuffer
                0x00104ef8       0xa0 C:/devkitPro/libctru/lib\libctru.a(gspgpu.o)
                0x00104ef8                gspPresentBuffer
 .text.gspWaitForEvent
                0x00104f98       0x44 C:/devkitPro/libctru/lib\libctru.a(gspgpu.o)
                0x00104f98                gspWaitForEvent
 .text.gxCmdQueueInterrupt
                0x00104fdc        0x4 C:/devkitPro/libctru/lib\libctru.a(gspgpu.o)
                0x00104fdc                gxCmdQueueInterrupt
 .text.gspEventThreadMain
                0x00104fe0      0x158 C:/devkitPro/libctru/lib\libctru.a(gspgpu.o)
 .text.GSPGPU_FlushDataCache
                0x00105138       0x50 C:/devkitPro/libctru/lib\libctru.a(gspgpu.o)
                0x00105138                GSPGPU_FlushDataCache
 .text.GSPGPU_SetLcdForceBlack
                0x00105188       0x34 C:/devkitPro/libctru/lib\libctru.a(gspgpu.o)
                0x00105188                GSPGPU_SetLcdForceBlack
 .text.GSPGPU_AcquireRight
                0x001051bc       0x68 C:/devkitPro/libctru/lib\libctru.a(gspgpu.o)
                0x001051bc                GSPGPU_AcquireRight
 .text.GSPGPU_ReleaseRight
                0x00105224       0x48 C:/devkitPro/libctru/lib\libctru.a(gspgpu.o)
                0x00105224                GSPGPU_ReleaseRight
 .text.GSPGPU_ImportDisplayCaptureInfo
                0x0010526c       0x7c C:/devkitPro/libctru/lib\libctru.a(gspgpu.o)
                0x0010526c                GSPGPU_ImportDisplayCaptureInfo
 .text.GSPGPU_SaveVramSysArea
                0x001052e8       0x2c C:/devkitPro/libctru/lib\libctru.a(gspgpu.o)
                0x001052e8                GSPGPU_SaveVramSysArea
 .text.GSPGPU_RestoreVramSysArea
                0x00105314       0x2c C:/devkitPro/libctru/lib\libctru.a(gspgpu.o)
                0x00105314                GSPGPU_RestoreVramSysArea
 .text.hidShouldUseIrrst
                0x00105340       0x24 C:/devkitPro/libctru/lib\libctru.a(hid.o)
                0x00105340                hidShouldUseIrrst
 .text.hidInit  0x00105364      0x18c C:/devkitPro/libctru/lib\libctru.a(hid.o)
                0x00105364                hidInit
 .text.hidExit  0x001054f0       0xe8 C:/devkitPro/libctru/lib\libctru.a(hid.o)
                0x001054f0                hidExit
 .text.hidScanInput
                0x001055d8      0x2a4 C:/devkitPro/libctru/lib\libctru.a(hid.o)
                0x001055d8                hidScanInput
 .text.hidKeysDown
                0x0010587c       0x10 C:/devkitPro/libctru/lib\libctru.a(hid.o)
                0x0010587c                hidKeysDown
 .text.irrstInit
                0x0010588c      0x160 C:/devkitPro/libctru/lib\libctru.a(irrst.o)
                0x0010588c                irrstInit
 .text.irrstExit
                0x001059ec       0xcc C:/devkitPro/libctru/lib\libctru.a(irrst.o)
                0x001059ec                irrstExit
 .text.irrstScanInput
                0x00105ab8       0xb4 C:/devkitPro/libctru/lib\libctru.a(irrst.o)
                0x00105ab8                irrstScanInput
 .text.irrstKeysHeld
                0x00105b6c       0x24 C:/devkitPro/libctru/lib\libctru.a(irrst.o)
                0x00105b6c                irrstKeysHeld
 .text.__libctru_init
                0x00105b90       0x38 C:/devkitPro/libctru/lib\libctru.a(ctru_init.o)
                0x00105b90                __libctru_init
 .text.__system_initArgv
                0x00105bc8      0x170 C:/devkitPro/libctru/lib\libctru.a(initArgv.o)
                0x00105bc8                __system_initArgv
 .text.__syscall_getreent
                0x00105d38       0x30 C:/devkitPro/libctru/lib\libctru.a(syscalls.o)
                0x00105d38                __syscall_getreent
 .text.__syscall_gettod_r
                0x00105d68       0x64 C:/devkitPro/libctru/lib\libctru.a(syscalls.o)
                0x00105d68                __syscall_gettod_r
 .text.__syscall_lock_acquire
                0x00105dcc        0x4 C:/devkitPro/libctru/lib\libctru.a(syscalls.o)
                0x00105dcc                __syscall_lock_acquire
 .text.__syscall_lock_release
                0x00105dd0        0x4 C:/devkitPro/libctru/lib\libctru.a(syscalls.o)
                0x00105dd0                __syscall_lock_release
 .text.__syscall_lock_acquire_recursive
                0x00105dd4        0x4 C:/devkitPro/libctru/lib\libctru.a(syscalls.o)
                0x00105dd4                __syscall_lock_acquire_recursive
 .text.__syscall_lock_release_recursive
                0x00105dd8        0x4 C:/devkitPro/libctru/lib\libctru.a(syscalls.o)
                0x00105dd8                __syscall_lock_release_recursive
 .text.__syscall_exit
                0x00105ddc        0x4 C:/devkitPro/libctru/lib\libctru.a(syscalls.o)
                0x00105ddc                __syscall_exit
 .text.initThreadVars
                0x00105de0       0x50 C:/devkitPro/libctru/lib\libctru.a(syscalls.o)
                0x00105de0                initThreadVars
 .text.__system_initSyscalls
                0x00105e30       0x80 C:/devkitPro/libctru/lib\libctru.a(syscalls.o)
                0x00105e30                __system_initSyscalls
 .text.svcControlMemory
                0x00105eb0       0x20 C:/devkitPro/libctru/lib\libctru.a(svc.o)
                0x00105eb0                svcControlMemory
 .text.svcQueryMemory
                0x00105ed0       0x30 C:/devkitPro/libctru/lib\libctru.a(svc.o)
                0x00105ed0                svcQueryMemory
 .text.svcExitProcess
                0x00105f00        0x8 C:/devkitPro/libctru/lib\libctru.a(svc.o)
                0x00105f00                svcExitProcess
 .text.svcCreateThread
                0x00105f08       0x20 C:/devkitPro/libctru/lib\libctru.a(svc.o)
                0x00105f08                svcCreateThread
 .text.svcExitThread
                0x00105f28        0x8 C:/devkitPro/libctru/lib\libctru.a(svc.o)
                0x00105f28                svcExitThread
 .text.svcSleepThread
                0x00105f30        0x8 C:/devkitPro/libctru/lib\libctru.a(svc.o)
                0x00105f30                svcSleepThread
 .text.svcReleaseMutex
                0x00105f38        0x8 C:/devkitPro/libctru/lib\libctru.a(svc.o)
                0x00105f38                svcReleaseMutex
 .text.svcCreateEvent
                0x00105f40       0x14 C:/devkitPro/libctru/lib\libctru.a(svc.o)
                0x00105f40                svcCreateEvent
 .text.svcSignalEvent
                0x00105f54        0x8 C:/devkitPro/libctru/lib\libctru.a(svc.o)
                0x00105f54                svcSignalEvent
 .text.svcClearEvent
                0x00105f5c        0x8 C:/devkitPro/libctru/lib\libctru.a(svc.o)
                0x00105f5c                svcClearEvent
 .text.svcMapMemoryBlock
                0x00105f64        0x8 C:/devkitPro/libctru/lib\libctru.a(svc.o)
                0x00105f64                svcMapMemoryBlock
 .text.svcUnmapMemoryBlock
                0x00105f6c        0x8 C:/devkitPro/libctru/lib\libctru.a(svc.o)
                0x00105f6c                svcUnmapMemoryBlock
 .text.svcCreateAddressArbiter
                0x00105f74       0x14 C:/devkitPro/libctru/lib\libctru.a(svc.o)
                0x00105f74                svcCreateAddressArbiter
 .text.svcArbitrateAddressNoTimeout
                0x00105f88        0x8 C:/devkitPro/libctru/lib\libctru.a(svc.o)
                0x00105f88                svcArbitrateAddressNoTimeout
 .text.svcCloseHandle
                0x00105f90        0x8 C:/devkitPro/libctru/lib\libctru.a(svc.o)
                0x00105f90                svcCloseHandle
 .text.svcWaitSynchronization
                0x00105f98        0x8 C:/devkitPro/libctru/lib\libctru.a(svc.o)
                0x00105f98                svcWaitSynchronization
 .text.svcWaitSynchronizationN
                0x00105fa0       0x28 C:/devkitPro/libctru/lib\libctru.a(svc.o)
                0x00105fa0                svcWaitSynchronizationN
 .text.svcDuplicateHandle
                0x00105fc8       0x14 C:/devkitPro/libctru/lib\libctru.a(svc.o)
                0x00105fc8                svcDuplicateHandle
 .text.svcGetSystemTick
                0x00105fdc        0x8 C:/devkitPro/libctru/lib\libctru.a(svc.o)
                0x00105fdc                svcGetSystemTick
 .text.svcConnectToPort
                0x00105fe4       0x14 C:/devkitPro/libctru/lib\libctru.a(svc.o)
                0x00105fe4                svcConnectToPort
 .text.svcSendSyncRequest
                0x00105ff8        0x8 C:/devkitPro/libctru/lib\libctru.a(svc.o)
                0x00105ff8                svcSendSyncRequest
 .text.svcGetResourceLimit
                0x00106000       0x14 C:/devkitPro/libctru/lib\libctru.a(svc.o)
                0x00106000                svcGetResourceLimit
 .text.svcGetResourceLimitLimitValues
                0x00106014        0x8 C:/devkitPro/libctru/lib\libctru.a(svc.o)
                0x00106014                svcGetResourceLimitLimitValues
 .text.svcGetResourceLimitCurrentValues
                0x0010601c        0x8 C:/devkitPro/libctru/lib\libctru.a(svc.o)
                0x0010601c                svcGetResourceLimitCurrentValues
 .text.svcBreak
                0x00106024        0x8 C:/devkitPro/libctru/lib\libctru.a(svc.o)
                0x00106024                svcBreak
 .text.initSystem
                0x0010602c       0x50 C:/devkitPro/libctru/lib\libctru.a(stack_adjust.o)
                0x0010602c                initSystem
 .text.__ctru_exit
                0x0010607c       0x14 C:/devkitPro/libctru/lib\libctru.a(stack_adjust.o)
                0x0010607c                __ctru_exit
 .text._ZL21addrMapNodeComparatorPK11rbtree_nodeS1_
                0x00106090       0x24 C:/devkitPro/libctru/lib\libctru.a(linear.o)
 .text._ZL21addrMapNodeDestructorP11rbtree_node
                0x001060b4        0x4 C:/devkitPro/libctru/lib\libctru.a(linear.o)
 .text.linearMemAlign
                0x001060b8      0x120 C:/devkitPro/libctru/lib\libctru.a(linear.o)
                0x001060b8                linearMemAlign
 .text.linearAlloc
                0x001061d8        0x8 C:/devkitPro/libctru/lib\libctru.a(linear.o)
                0x001061d8                linearAlloc
 .text.linearFree
                0x001061e0       0x5c C:/devkitPro/libctru/lib\libctru.a(linear.o)
                0x001061e0                linearFree
 .text._ZN7MemPool13CoalesceRightEP8MemBlock
                0x0010623c       0x80 C:/devkitPro/libctru/lib\libctru.a(mem_pool.o)
                0x0010623c                MemPool::CoalesceRight(MemBlock*)
 .text._ZN7MemPool8AllocateER8MemChunkmi
                0x001062bc      0x16c C:/devkitPro/libctru/lib\libctru.a(mem_pool.o)
                0x001062bc                MemPool::Allocate(MemChunk&, unsigned long, int)
 .text._ZN7MemPool10DeallocateERK8MemChunk
                0x00106428       0xfc C:/devkitPro/libctru/lib\libctru.a(mem_pool.o)
                0x00106428                MemPool::Deallocate(MemChunk const&)
 .text._ZN7MemPool12GetFreeSpaceEv
                0x00106524       0x30 C:/devkitPro/libctru/lib\libctru.a(mem_pool.o)
                0x00106524                MemPool::GetFreeSpace()
 .text._ZL21addrMapNodeComparatorPK11rbtree_nodeS1_
                0x00106554       0x24 C:/devkitPro/libctru/lib\libctru.a(vram.o)
 .text._ZL21addrMapNodeDestructorP11rbtree_node
                0x00106578        0x4 C:/devkitPro/libctru/lib\libctru.a(vram.o)
 .text.vramMemAlignAt
                0x0010657c      0x24c C:/devkitPro/libctru/lib\libctru.a(vram.o)
                0x0010657c                vramMemAlignAt
 .text.vramAlloc
                0x001067c8        0xc C:/devkitPro/libctru/lib\libctru.a(vram.o)
                0x001067c8                vramAlloc
 .text.vramFree
                0x001067d4       0x90 C:/devkitPro/libctru/lib\libctru.a(vram.o)
                0x001067d4                vramFree
 .text.envGetHandle
                0x00106864       0x84 C:/devkitPro/libctru/lib\libctru.a(env.o)
                0x00106864                envGetHandle
 .text.envDestroyHandles
                0x001068e8       0x50 C:/devkitPro/libctru/lib\libctru.a(env.o)
                0x001068e8                envDestroyHandles
 .text.osGetTimeRef
                0x00106938       0x54 C:/devkitPro/libctru/lib\libctru.a(os.o)
                0x00106938                osGetTimeRef
 .text.osGetTime
                0x0010698c       0xec C:/devkitPro/libctru/lib\libctru.a(os.o)
                0x0010698c                osGetTime
 .text.__ctru_speedup_config
                0x00106a78       0x34 C:/devkitPro/libctru/lib\libctru.a(os.o)
                0x00106a78                __ctru_speedup_config
 .text.srvInit  0x00106aac      0x12c C:/devkitPro/libctru/lib\libctru.a(srv.o)
                0x00106aac                srvInit
 .text.srvExit  0x00106bd8       0x58 C:/devkitPro/libctru/lib\libctru.a(srv.o)
                0x00106bd8                srvExit
 .text.srvEnableNotification
                0x00106c30       0x60 C:/devkitPro/libctru/lib\libctru.a(srv.o)
                0x00106c30                srvEnableNotification
 .text.srvGetServiceHandleDirect
                0x00106c90       0xa0 C:/devkitPro/libctru/lib\libctru.a(srv.o)
                0x00106c90                srvGetServiceHandleDirect
 .text.srvGetServiceHandle
                0x00106d30       0x38 C:/devkitPro/libctru/lib\libctru.a(srv.o)
                0x00106d30                srvGetServiceHandle
 .text.srvSubscribe
                0x00106d68       0x34 C:/devkitPro/libctru/lib\libctru.a(srv.o)
                0x00106d68                srvSubscribe
 .text.srvReceiveNotification
                0x00106d9c       0x60 C:/devkitPro/libctru/lib\libctru.a(srv.o)
                0x00106d9c                srvReceiveNotification
 .text.srvPublishToSubscriber
                0x00106dfc       0x38 C:/devkitPro/libctru/lib\libctru.a(srv.o)
                0x00106dfc                srvPublishToSubscriber
 .text.__sync_init
                0x00106e34        0xc C:/devkitPro/libctru/lib\libctru.a(synchronization.o)
                0x00106e34                __sync_init
 .text.__sync_fini
                0x00106e40       0x18 C:/devkitPro/libctru/lib\libctru.a(synchronization.o)
                0x00106e40                __sync_fini
 .text.syncArbitrateAddress
                0x00106e58       0x2c C:/devkitPro/libctru/lib\libctru.a(synchronization.o)
                0x00106e58                syncArbitrateAddress
 .text.LightLock_Lock
                0x00106e84       0xac C:/devkitPro/libctru/lib\libctru.a(synchronization.o)
                0x00106e84                LightLock_Lock
 .text.LightLock_Unlock
                0x00106f30       0x40 C:/devkitPro/libctru/lib\libctru.a(synchronization.o)
                0x00106f30                LightLock_Unlock
 .text.RecursiveLock_Lock
                0x00106f70       0x30 C:/devkitPro/libctru/lib\libctru.a(synchronization.o)
                0x00106f70                RecursiveLock_Lock
 .text.RecursiveLock_Unlock
                0x00106fa0       0x54 C:/devkitPro/libctru/lib\libctru.a(synchronization.o)
                0x00106fa0                RecursiveLock_Unlock
 .text.LightEvent_Init
                0x00106ff4       0x40 C:/devkitPro/libctru/lib\libctru.a(synchronization.o)
                0x00106ff4                LightEvent_Init
 .text.LightEvent_Clear
                0x00107034       0xa4 C:/devkitPro/libctru/lib\libctru.a(synchronization.o)
                0x00107034                LightEvent_Clear
 .text.LightEvent_Signal
                0x001070d8       0xc8 C:/devkitPro/libctru/lib\libctru.a(synchronization.o)
                0x001070d8                LightEvent_Signal
 .text.LightEvent_TryWait
                0x001071a0       0x50 C:/devkitPro/libctru/lib\libctru.a(synchronization.o)
                0x001071a0                LightEvent_TryWait
 .text.LightEvent_Wait
                0x001071f0       0xa0 C:/devkitPro/libctru/lib\libctru.a(synchronization.o)
                0x001071f0                LightEvent_Wait
 .text.threadCreate
                0x00107290      0x1d8 C:/devkitPro/libctru/lib\libctru.a(thread.o)
                0x00107290                threadCreate
 .text.threadFree
                0x00107468       0x2c C:/devkitPro/libctru/lib\libctru.a(thread.o)
                0x00107468                threadFree
 .text.threadJoin
                0x00107494       0x24 C:/devkitPro/libctru/lib\libctru.a(thread.o)
                0x00107494                threadJoin
 .text.threadGetCurrent
                0x001074b8       0x30 C:/devkitPro/libctru/lib\libctru.a(thread.o)
                0x001074b8                threadGetCurrent
 .text.threadExit
                0x001074e8       0x40 C:/devkitPro/libctru/lib\libctru.a(thread.o)
                0x001074e8                threadExit
 .text._thread_begin
                0x00107528       0x20 C:/devkitPro/libctru/lib\libctru.a(thread.o)
 .text.mappableFindAddressWithin
                0x00107548       0xb4 C:/devkitPro/libctru/lib\libctru.a(mappable.o)
 .text.mappableInit
                0x001075fc       0x28 C:/devkitPro/libctru/lib\libctru.a(mappable.o)
                0x001075fc                mappableInit
 .text.mappableAlloc
                0x00107624       0x80 C:/devkitPro/libctru/lib\libctru.a(mappable.o)
                0x00107624                mappableAlloc
 .text.mappableFree
                0x001076a4        0x4 C:/devkitPro/libctru/lib\libctru.a(mappable.o)
                0x001076a4                mappableFree
 .text.ptmSysmInit
                0x001076a8       0x74 C:/devkitPro/libctru/lib\libctru.a(ptmsysm.o)
                0x001076a8                ptmSysmInit
 .text.ptmSysmExit
                0x0010771c       0x3c C:/devkitPro/libctru/lib\libctru.a(ptmsysm.o)
                0x0010771c                ptmSysmExit
 .text.PTMSYSM_ConfigureNew3DSCPU
                0x00107758       0x34 C:/devkitPro/libctru/lib\libctru.a(ptmsysm.o)
                0x00107758                PTMSYSM_ConfigureNew3DSCPU
 .text.srvPmGetSessionHandle
                0x0010778c        0xc C:/devkitPro/libctru/lib\libctru.a(srvpm.o)
                0x0010778c                srvPmGetSessionHandle
 .text.rbtree_find
                0x00107798       0x74 C:/devkitPro/libctru/lib\libctru.a(rbtree_find.o)
                0x00107798                rbtree_find
 .text.rbtree_init
                0x0010780c       0x10 C:/devkitPro/libctru/lib\libctru.a(rbtree_init.o)
                0x0010780c                rbtree_init
 .text.do_insert
                0x0010781c      0x1b0 C:/devkitPro/libctru/lib\libctru.a(rbtree_insert.o)
 .text.rbtree_insert
                0x001079cc        0x8 C:/devkitPro/libctru/lib\libctru.a(rbtree_insert.o)
                0x001079cc                rbtree_insert
 .text.rbtree_remove
                0x001079d4      0x318 C:/devkitPro/libctru/lib\libctru.a(rbtree_remove.o)
                0x001079d4                rbtree_remove
 .text.rbtree_rotate
                0x00107cec       0x90 C:/devkitPro/libctru/lib\libctru.a(rbtree_rotate.o)
                0x00107cec                rbtree_rotate
 *fill*         0x00107d7c        0x4 
 .text.__system_allocateHeaps
                0x00107d80      0x1e0 C:/devkitPro/libctru/lib\libctru.a(allocateHeaps.o)
                0x00107d80                __system_allocateHeaps
 .text.__appExit
                0x00107f60       0x30 C:/devkitPro/libctru/lib\libctru.a(appExit.o)
                0x00107f60                __appExit
 .text.__appInit
                0x00107f90       0x30 C:/devkitPro/libctru/lib\libctru.a(appInit.o)
                0x00107f90                __appInit
 .text.__libctru_exit
                0x00107fc0       0x90 C:/devkitPro/libctru/lib\libctru.a(ctru_exit.o)
                0x00107fc0                __libctru_exit
 .text.archive_link
                0x00108050       0x14 C:/devkitPro/libctru/lib\libctru.a(archive_dev.o)
 .text.archive_dirreset
                0x00108064       0x14 C:/devkitPro/libctru/lib\libctru.a(archive_dev.o)
 .text.archive_chmod
                0x00108078       0x14 C:/devkitPro/libctru/lib\libctru.a(archive_dev.o)
 .text.error_cmp
                0x0010808c       0x24 C:/devkitPro/libctru/lib\libctru.a(archive_dev.o)
 .text.archive_translate_error
                0x001080b0       0x50 C:/devkitPro/libctru/lib\libctru.a(archive_dev.o)
 .text.archive_seek
                0x00108100       0xc8 C:/devkitPro/libctru/lib\libctru.a(archive_dev.o)
 .text._archiveInit.part.0
                0x001081c8       0x7c C:/devkitPro/libctru/lib\libctru.a(archive_dev.o)
 .text.archiveFindDevice.part.0
                0x00108244       0xc4 C:/devkitPro/libctru/lib\libctru.a(archive_dev.o)
 .text.archive_utf16path
                0x00108308      0x280 C:/devkitPro/libctru/lib\libctru.a(archive_dev.o)
 .text._archiveUnmountDeviceStruct.part.0
                0x00108588       0x9c C:/devkitPro/libctru/lib\libctru.a(archive_dev.o)
 .text.archive_fchmod
                0x00108624       0x14 C:/devkitPro/libctru/lib\libctru.a(archive_dev.o)
 .text.archive_statvfs
                0x00108638       0x14 C:/devkitPro/libctru/lib\libctru.a(archive_dev.o)
 .text._archiveMountDevice
                0x0010864c      0x164 C:/devkitPro/libctru/lib\libctru.a(archive_dev.o)
 .text.archive_diropen
                0x001087b0       0xe8 C:/devkitPro/libctru/lib\libctru.a(archive_dev.o)
 .text.archive_fstat
                0x00108898       0xa4 C:/devkitPro/libctru/lib\libctru.a(archive_dev.o)
 .text.archive_fsync
                0x0010893c       0x6c C:/devkitPro/libctru/lib\libctru.a(archive_dev.o)
 .text.archive_close
                0x001089a8       0x6c C:/devkitPro/libctru/lib\libctru.a(archive_dev.o)
 .text.archive_dirclose
                0x00108a14       0x70 C:/devkitPro/libctru/lib\libctru.a(archive_dev.o)
 .text.sdmc_statvfs
                0x00108a84       0xe8 C:/devkitPro/libctru/lib\libctru.a(archive_dev.o)
 .text.archive_chdir
                0x00108b6c       0xec C:/devkitPro/libctru/lib\libctru.a(archive_dev.o)
 .text.archive_ftruncate
                0x00108c58       0x7c C:/devkitPro/libctru/lib\libctru.a(archive_dev.o)
 .text.archive_read
                0x00108cd4       0xac C:/devkitPro/libctru/lib\libctru.a(archive_dev.o)
 .text.archive_unlink
                0x00108d80       0xa4 C:/devkitPro/libctru/lib\libctru.a(archive_dev.o)
 .text.archive_rmdir
                0x00108e24       0xbc C:/devkitPro/libctru/lib\libctru.a(archive_dev.o)
 .text.archive_mkdir
                0x00108ee0       0xdc C:/devkitPro/libctru/lib\libctru.a(archive_dev.o)
 .text.archive_stat
                0x00108fbc      0x194 C:/devkitPro/libctru/lib\libctru.a(archive_dev.o)
 .text.archive_dirnext
                0x00109150      0x160 C:/devkitPro/libctru/lib\libctru.a(archive_dev.o)
 .text.archive_write
                0x001092b0      0x124 C:/devkitPro/libctru/lib\libctru.a(archive_dev.o)
 .text.archive_open
                0x001093d4      0x20c C:/devkitPro/libctru/lib\libctru.a(archive_dev.o)
 .text.archive_rename
                0x001095e0      0x278 C:/devkitPro/libctru/lib\libctru.a(archive_dev.o)
 .text.archiveMountSdmc
                0x00109858      0x19c C:/devkitPro/libctru/lib\libctru.a(archive_dev.o)
                0x00109858                archiveMountSdmc
 .text.archiveUnmountAll
                0x001099f4       0x54 C:/devkitPro/libctru/lib\libctru.a(archive_dev.o)
                0x001099f4                archiveUnmountAll
 .text.fsInit   0x00109a48       0xcc C:/devkitPro/libctru/lib\libctru.a(fs.o)
                0x00109a48                fsInit
 .text.fsExit   0x00109b14       0x3c C:/devkitPro/libctru/lib\libctru.a(fs.o)
                0x00109b14                fsExit
 .text.fsExemptFromSession
                0x00109b50       0x60 C:/devkitPro/libctru/lib\libctru.a(fs.o)
                0x00109b50                fsExemptFromSession
 .text.fsUnexemptFromSession
                0x00109bb0       0x50 C:/devkitPro/libctru/lib\libctru.a(fs.o)
                0x00109bb0                fsUnexemptFromSession
 .text.FSUSER_OpenFile
                0x00109c00       0xcc C:/devkitPro/libctru/lib\libctru.a(fs.o)
                0x00109c00                FSUSER_OpenFile
 .text.FSUSER_DeleteFile
                0x00109ccc       0xbc C:/devkitPro/libctru/lib\libctru.a(fs.o)
                0x00109ccc                FSUSER_DeleteFile
 .text.FSUSER_RenameFile
                0x00109d88       0xf8 C:/devkitPro/libctru/lib\libctru.a(fs.o)
                0x00109d88                FSUSER_RenameFile
 .text.FSUSER_DeleteDirectory
                0x00109e80       0xbc C:/devkitPro/libctru/lib\libctru.a(fs.o)
                0x00109e80                FSUSER_DeleteDirectory
 .text.FSUSER_CreateFile
                0x00109f3c       0xd4 C:/devkitPro/libctru/lib\libctru.a(fs.o)
                0x00109f3c                FSUSER_CreateFile
 .text.FSUSER_CreateDirectory
                0x0010a010       0xc4 C:/devkitPro/libctru/lib\libctru.a(fs.o)
                0x0010a010                FSUSER_CreateDirectory
 .text.FSUSER_RenameDirectory
                0x0010a0d4       0xf8 C:/devkitPro/libctru/lib\libctru.a(fs.o)
                0x0010a0d4                FSUSER_RenameDirectory
 .text.FSUSER_OpenDirectory
                0x0010a1cc       0xb4 C:/devkitPro/libctru/lib\libctru.a(fs.o)
                0x0010a1cc                FSUSER_OpenDirectory
 .text.FSUSER_OpenArchive
                0x0010a280       0x94 C:/devkitPro/libctru/lib\libctru.a(fs.o)
                0x0010a280                FSUSER_OpenArchive
 .text.FSUSER_CloseArchive
                0x0010a314       0x8c C:/devkitPro/libctru/lib\libctru.a(fs.o)
                0x0010a314                FSUSER_CloseArchive
 .text.FSUSER_GetSdmcArchiveResource
                0x0010a3a0       0x74 C:/devkitPro/libctru/lib\libctru.a(fs.o)
                0x0010a3a0                FSUSER_GetSdmcArchiveResource
 .text.FSUSER_IsSdmcWritable
                0x0010a414       0x64 C:/devkitPro/libctru/lib\libctru.a(fs.o)
                0x0010a414                FSUSER_IsSdmcWritable
 .text.FSFILE_Read
                0x0010a478       0x58 C:/devkitPro/libctru/lib\libctru.a(fs.o)
                0x0010a478                FSFILE_Read
 .text.FSFILE_Write
                0x0010a4d0       0x60 C:/devkitPro/libctru/lib\libctru.a(fs.o)
                0x0010a4d0                FSFILE_Write
 .text.FSFILE_GetSize
                0x0010a530       0x38 C:/devkitPro/libctru/lib\libctru.a(fs.o)
                0x0010a530                FSFILE_GetSize
 .text.FSFILE_SetSize
                0x0010a568       0x28 C:/devkitPro/libctru/lib\libctru.a(fs.o)
                0x0010a568                FSFILE_SetSize
 .text.FSFILE_Close
                0x0010a590       0x3c C:/devkitPro/libctru/lib\libctru.a(fs.o)
                0x0010a590                FSFILE_Close
 .text.FSFILE_Flush
                0x0010a5cc       0x24 C:/devkitPro/libctru/lib\libctru.a(fs.o)
                0x0010a5cc                FSFILE_Flush
 .text.FSDIR_Read
                0x0010a5f0       0x50 C:/devkitPro/libctru/lib\libctru.a(fs.o)
                0x0010a5f0                FSDIR_Read
 .text.FSDIR_Close
                0x0010a640       0x3c C:/devkitPro/libctru/lib\libctru.a(fs.o)
                0x0010a640                FSDIR_Close
 .text.rbtree_node_next
                0x0010a67c       0x5c C:/devkitPro/libctru/lib\libctru.a(rbtree_iterator.o)
                0x0010a67c                rbtree_node_next
 .text.decode_utf8
                0x0010a6d8      0x13c C:/devkitPro/libctru/lib\libctru.a(decode_utf8.o)
                0x0010a6d8                decode_utf8
 .text.utf16_to_utf8
                0x0010a814       0xe8 C:/devkitPro/libctru/lib\libctru.a(utf16_to_utf8.o)
                0x0010a814                utf16_to_utf8
 .text.utf8_to_utf16
                0x0010a8fc       0xc0 C:/devkitPro/libctru/lib\libctru.a(utf8_to_utf16.o)
                0x0010a8fc                utf8_to_utf16
 .text.__aeabi_read_tp
                0x0010a9bc        0xc C:/devkitPro/libctru/lib\libctru.a(readtp.o)
                0x0010a9bc                __aeabi_read_tp
 .text.decode_utf16
                0x0010a9c8       0x64 C:/devkitPro/libctru/lib\libctru.a(decode_utf16.o)
                0x0010a9c8                decode_utf16
 .text.encode_utf16
                0x0010aa2c       0x54 C:/devkitPro/libctru/lib\libctru.a(encode_utf16.o)
                0x0010aa2c                encode_utf16
 .text.encode_utf8
                0x0010aa80       0xe0 C:/devkitPro/libctru/lib\libctru.a(encode_utf8.o)
                0x0010aa80                encode_utf8
 .text.__udivmoddi4
                0x0010ab60      0x120 C:/devkitPro/devkitARM/bin/../lib/gcc/arm-none-eabi/13.2.0/armv6k/fpu\libgcc.a(_udivmoddi4.o)
                0x0010ab60                __udivmoddi4
 .text.strncmp  0x0010ac80       0xe4 C:/devkitPro/devkitARM/bin/../lib/gcc/arm-none-eabi/13.2.0/../../../../arm-none-eabi/lib/armv6k/fpu\libg.a(libc_a-strncmp.o)
                0x0010ac80                strncmp
 .text.srand    0x0010ad64       0x1c C:/devkitPro/devkitARM/bin/../lib/gcc/arm-none-eabi/13.2.0/../../../../arm-none-eabi/lib/armv6k/fpu\libg.a(libc_a-rand.o)
                0x0010ad64                srand
 .text.rand     0x0010ad80       0x44 C:/devkitPro/devkitARM/bin/../lib/gcc/arm-none-eabi/13.2.0/../../../../arm-none-eabi/lib/armv6k/fpu\libg.a(libc_a-rand.o)
                0x0010ad80                rand
 .text.strlen   0x0010adc4       0x5c C:/devkitPro/devkitARM/bin/../lib/gcc/arm-none-eabi/13.2.0/../../../../arm-none-eabi/lib/armv6k/fpu\libg.a(libc_a-strlen-stub.o)
                0x0010adc4                strlen
 .text._strtoul_l.isra.0
                0x0010ae20      0x1d8 C:/devkitPro/devkitARM/bin/../lib/gcc/arm-none-eabi/13.2.0/../../../../arm-none-eabi/lib/armv6k/fpu\libg.a(libc_a-strtoul.o)
 .text.strtoul  0x0010aff8       0x34 C:/devkitPro/devkitARM/bin/../lib/gcc/arm-none-eabi/13.2.0/../../../../arm-none-eabi/lib/armv6k/fpu\libg.a(libc_a-strtoul.o)
                0x0010aff8                strtoul
 .text.strncat  0x0010b02c       0xe4 C:/devkitPro/devkitARM/bin/../lib/gcc/arm-none-eabi/13.2.0/../../../../arm-none-eabi/lib/armv6k/fpu\libg.a(libc_a-strncat.o)
                0x0010b02c                strncat
 .text.bsearch  0x0010b110       0x78 C:/devkitPro/devkitARM/bin/../lib/gcc/arm-none-eabi/13.2.0/../../../../arm-none-eabi/lib/armv6k/fpu\libg.a(libc_a-bsearch.o)
                0x0010b110                bsearch
 .text.memalign
                0x0010b188       0x20 C:/devkitPro/devkitARM/bin/../lib/gcc/arm-none-eabi/13.2.0/../../../../arm-none-eabi/lib/armv6k/fpu\libg.a(libc_a-malign.o)
                0x0010b188                memalign
 .text.stdio_exit_handler
                0x0010b1a8       0x1c C:/devkitPro/devkitARM/bin/../lib/gcc/arm-none-eabi/13.2.0/../../../../arm-none-eabi/lib/armv6k/fpu\libg.a(libc_a-findfp.o)
 .text.cleanup_stdio
                0x0010b1c4       0x5c C:/devkitPro/devkitARM/bin/../lib/gcc/arm-none-eabi/13.2.0/../../../../arm-none-eabi/lib/armv6k/fpu\libg.a(libc_a-findfp.o)
 .text.global_stdio_init.part.0
                0x0010b220      0x154 C:/devkitPro/devkitARM/bin/../lib/gcc/arm-none-eabi/13.2.0/../../../../arm-none-eabi/lib/armv6k/fpu\libg.a(libc_a-findfp.o)
 .text.__sinit  0x0010b374       0x5c C:/devkitPro/devkitARM/bin/../lib/gcc/arm-none-eabi/13.2.0/../../../../arm-none-eabi/lib/armv6k/fpu\libg.a(libc_a-findfp.o)
                0x0010b374                __sinit
 .text.__sfp_lock_acquire
                0x0010b3d0        0xc C:/devkitPro/devkitARM/bin/../lib/gcc/arm-none-eabi/13.2.0/../../../../arm-none-eabi/lib/armv6k/fpu\libg.a(libc_a-findfp.o)
                0x0010b3d0                __sfp_lock_acquire
 .text.__sfp_lock_release
                0x0010b3dc        0xc C:/devkitPro/devkitARM/bin/../lib/gcc/arm-none-eabi/13.2.0/../../../../arm-none-eabi/lib/armv6k/fpu\libg.a(libc_a-findfp.o)
                0x0010b3dc                __sfp_lock_release
 .text._malloc_r
                0x0010b3e8      0x79c C:/devkitPro/devkitARM/bin/../lib/gcc/arm-none-eabi/13.2.0/../../../../arm-none-eabi/lib/armv6k/fpu\libg.a(libc_a-mallocr.o)
                0x0010b3e8                _malloc_r
 .text._malloc_trim_r
                0x0010bb84       0xf8 C:/devkitPro/devkitARM/bin/../lib/gcc/arm-none-eabi/13.2.0/../../../../arm-none-eabi/lib/armv6k/fpu\libg.a(libc_a-freer.o)
                0x0010bb84                _malloc_trim_r
 .text._free_r  0x0010bc7c      0x2e8 C:/devkitPro/devkitARM/bin/../lib/gcc/arm-none-eabi/13.2.0/../../../../arm-none-eabi/lib/armv6k/fpu\libg.a(libc_a-freer.o)
                0x0010bc7c                _free_r
 .text.setvbuf  0x0010bf64      0x25c C:/devkitPro/devkitARM/bin/../lib/gcc/arm-none-eabi/13.2.0/../../../../arm-none-eabi/lib/armv6k/fpu\libg.a(libc_a-setvbuf.o)
                0x0010bf64                setvbuf
 .text.strnlen  0x0010c1c0       0x48 C:/devkitPro/devkitARM/bin/../lib/gcc/arm-none-eabi/13.2.0/../../../../arm-none-eabi/lib/armv6k/fpu\libg.a(libc_a-strnlen.o)
                0x0010c1c0                strnlen
 .text.__errno  0x0010c208        0xc C:/devkitPro/devkitARM/bin/../lib/gcc/arm-none-eabi/13.2.0/../../../../arm-none-eabi/lib/armv6k/fpu\libg.a(libc_a-errno.o)
                0x0010c208                __errno
 .text.malloc   0x0010c214       0x18 C:/devkitPro/devkitARM/bin/../lib/gcc/arm-none-eabi/13.2.0/../../../../arm-none-eabi/lib/armv6k/fpu\libg.a(libc_a-malloc.o)
                0x0010c214                malloc
 .text.free     0x0010c22c       0x18 C:/devkitPro/devkitARM/bin/../lib/gcc/arm-none-eabi/13.2.0/../../../../arm-none-eabi/lib/armv6k/fpu\libg.a(libc_a-malloc.o)
                0x0010c22c                free
 .text.memcpy   0x0010c244      0x11c C:/devkitPro/devkitARM/bin/../lib/gcc/arm-none-eabi/13.2.0/../../../../arm-none-eabi/lib/armv6k/fpu\libg.a(libc_a-memcpy-stub.o)
                0x0010c244                memcpy
 .text.printf   0x0010c360       0x34 C:/devkitPro/devkitARM/bin/../lib/gcc/arm-none-eabi/13.2.0/../../../../arm-none-eabi/lib/armv6k/fpu\libg.a(libc_a-printf.o)
                0x0010c360                printf
 .text.time     0x0010c394       0x4c C:/devkitPro/devkitARM/bin/../lib/gcc/arm-none-eabi/13.2.0/../../../../arm-none-eabi/lib/armv6k/fpu\libg.a(libc_a-time.o)
                0x0010c394                time
 .text._puts_r  0x0010c3e0       0xe0 C:/devkitPro/devkitARM/bin/../lib/gcc/arm-none-eabi/13.2.0/../../../../arm-none-eabi/lib/armv6k/fpu\libg.a(libc_a-puts.o)
                0x0010c3e0                _puts_r
 .text.puts     0x0010c4c0       0x18 C:/devkitPro/devkitARM/bin/../lib/gcc/arm-none-eabi/13.2.0/../../../../arm-none-eabi/lib/armv6k/fpu\libg.a(libc_a-puts.o)
                0x0010c4c0                puts
 .text.memset   0x0010c4d8       0xf4 C:/devkitPro/devkitARM/bin/../lib/gcc/arm-none-eabi/13.2.0/../../../../arm-none-eabi/lib/armv6k/fpu\libg.a(libc_a-memset.o)
                0x0010c4d8                memset
 .text._fwalk_sglue
                0x0010c5cc       0x70 C:/devkitPro/devkitARM/bin/../lib/gcc/arm-none-eabi/13.2.0/../../../../arm-none-eabi/lib/armv6k/fpu\libg.a(libc_a-fwalk.o)
                0x0010c5cc                _fwalk_sglue
 .text.__malloc_lock
                0x0010c63c        0xc C:/devkitPro/devkitARM/bin/../lib/gcc/arm-none-eabi/13.2.0/../../../../arm-none-eabi/lib/armv6k/fpu\libg.a(libc_a-mlock.o)
                0x0010c63c                __malloc_lock
 .text.__malloc_unlock
                0x0010c648        0xc C:/devkitPro/devkitARM/bin/../lib/gcc/arm-none-eabi/13.2.0/../../../../arm-none-eabi/lib/armv6k/fpu\libg.a(libc_a-mlock.o)
                0x0010c648                __malloc_unlock
 .text.__call_exitprocs
                0x0010c654        0x4 C:/devkitPro/devkitARM/bin/../lib/gcc/arm-none-eabi/13.2.0/../../../../arm-none-eabi/lib/armv6k/fpu\libg.a(libc_a-exit.o)
                0x0010c654                __call_exitprocs
 .text.exit     0x0010c658       0x30 C:/devkitPro/devkitARM/bin/../lib/gcc/arm-none-eabi/13.2.0/../../../../arm-none-eabi/lib/armv6k/fpu\libg.a(libc_a-exit.o)
                0x0010c658                exit
 .text.strncpy  0x0010c688       0xc4 C:/devkitPro/devkitARM/bin/../lib/gcc/arm-none-eabi/13.2.0/../../../../arm-none-eabi/lib/armv6k/fpu\libg.a(libc_a-strncpy.o)
                0x0010c688                strncpy
 .text.__libc_init_array
                0x0010c74c       0x84 C:/devkitPro/devkitARM/bin/../lib/gcc/arm-none-eabi/13.2.0/../../../../arm-none-eabi/lib/armv6k/fpu\libg.a(libc_a-init.o)
                0x0010c74c                __libc_init_array
 .text.__sflush_r
                0x0010c7d0      0x22c C:/devkitPro/devkitARM/bin/../lib/gcc/arm-none-eabi/13.2.0/../../../../arm-none-eabi/lib/armv6k/fpu\libg.a(libc_a-fflush.o)
                0x0010c7d0                __sflush_r
 .text._fflush_r
                0x0010c9fc       0x94 C:/devkitPro/devkitARM/bin/../lib/gcc/arm-none-eabi/13.2.0/../../../../arm-none-eabi/lib/armv6k/fpu\libg.a(libc_a-fflush.o)
                0x0010c9fc                _fflush_r
 .text.__sfvwrite_r
                0x0010ca90      0x4b4 C:/devkitPro/devkitARM/bin/../lib/gcc/arm-none-eabi/13.2.0/../../../../arm-none-eabi/lib/armv6k/fpu\libg.a(libc_a-fvwrite.o)
                0x0010ca90                __sfvwrite_r
 .text._memalign_r
                0x0010cf44      0x14c C:/devkitPro/devkitARM/bin/../lib/gcc/arm-none-eabi/13.2.0/../../../../arm-none-eabi/lib/armv6k/fpu\libg.a(libc_a-malignr.o)
                0x0010cf44                _memalign_r
 .text.memchr   0x0010d090       0xe0 C:/devkitPro/devkitARM/bin/../lib/gcc/arm-none-eabi/13.2.0/../../../../arm-none-eabi/lib/armv6k/fpu\libg.a(libc_a-memchr-stub.o)
                0x0010d090                memchr
 .text.__libc_fini_array
                0x0010d170       0x3c C:/devkitPro/devkitARM/bin/../lib/gcc/arm-none-eabi/13.2.0/../../../../arm-none-eabi/lib/armv6k/fpu\libg.a(libc_a-fini.o)
                0x0010d170                __libc_fini_array
 .text.__sread  0x0010d1ac       0x44 C:/devkitPro/devkitARM/bin/../lib/gcc/arm-none-eabi/13.2.0/../../../../arm-none-eabi/lib/armv6k/fpu\libg.a(libc_a-stdio.o)
                0x0010d1ac                __sread
 .text.__swrite
                0x0010d1f0       0x68 C:/devkitPro/devkitARM/bin/../lib/gcc/arm-none-eabi/13.2.0/../../../../arm-none-eabi/lib/armv6k/fpu\libg.a(libc_a-stdio.o)
                0x0010d1f0                __swrite
 .text.__sseek  0x0010d258       0x44 C:/devkitPro/devkitARM/bin/../lib/gcc/arm-none-eabi/13.2.0/../../../../arm-none-eabi/lib/armv6k/fpu\libg.a(libc_a-stdio.o)
                0x0010d258                __sseek
 .text.__sclose
                0x0010d29c        0x8 C:/devkitPro/devkitARM/bin/../lib/gcc/arm-none-eabi/13.2.0/../../../../arm-none-eabi/lib/armv6k/fpu\libg.a(libc_a-stdio.o)
                0x0010d29c                __sclose
 .text._fclose_r
                0x0010d2a4      0x148 C:/devkitPro/devkitARM/bin/../lib/gcc/arm-none-eabi/13.2.0/../../../../arm-none-eabi/lib/armv6k/fpu\libg.a(libc_a-fclose.o)
                0x0010d2a4                _fclose_r
 .text.get_arg  0x0010d3ec      0x64c C:/devkitPro/devkitARM/bin/../lib/gcc/arm-none-eabi/13.2.0/../../../../arm-none-eabi/lib/armv6k/fpu\libg.a(libc_a-vfprintf.o)
 .text._vfprintf_r
                0x0010da38     0x3378 C:/devkitPro/devkitARM/bin/../lib/gcc/arm-none-eabi/13.2.0/../../../../arm-none-eabi/lib/armv6k/fpu\libg.a(libc_a-vfprintf.o)
                0x0010da38                _vfprintf_r
 .text.__sbprintf
                0x00110db0       0xb8 C:/devkitPro/devkitARM/bin/../lib/gcc/arm-none-eabi/13.2.0/../../../../arm-none-eabi/lib/armv6k/fpu\libg.a(libc_a-vfprintf.o)
 .text.__smakebuf_r
                0x00110e68      0x12c C:/devkitPro/devkitARM/bin/../lib/gcc/arm-none-eabi/13.2.0/../../../../arm-none-eabi/lib/armv6k/fpu\libg.a(libc_a-makebuf.o)
                0x00110e68                __smakebuf_r
 .text.__swhatbuf_r
                0x00110f94       0x8c C:/devkitPro/devkitARM/bin/../lib/gcc/arm-none-eabi/13.2.0/../../../../arm-none-eabi/lib/armv6k/fpu\libg.a(libc_a-makebuf.o)
                0x00110f94                __swhatbuf_r
 .text.quorem   0x00111020      0x1b4 C:/devkitPro/devkitARM/bin/../lib/gcc/arm-none-eabi/13.2.0/../../../../arm-none-eabi/lib/armv6k/fpu\libg.a(libc_a-dtoa.o)
 *fill*         0x001111d4        0x4 
 .text._dtoa_r  0x001111d8     0x1218 C:/devkitPro/devkitARM/bin/../lib/gcc/arm-none-eabi/13.2.0/../../../../arm-none-eabi/lib/armv6k/fpu\libg.a(libc_a-dtoa.o)
                0x001111d8                _dtoa_r
 .text._wcrtomb_r
                0x001123f0       0xa0 C:/devkitPro/devkitARM/bin/../lib/gcc/arm-none-eabi/13.2.0/../../../../arm-none-eabi/lib/armv6k/fpu\libg.a(libc_a-wcrtomb.o)
                0x001123f0                _wcrtomb_r
 .text._realloc_r
                0x00112490      0x4a0 C:/devkitPro/devkitARM/bin/../lib/gcc/arm-none-eabi/13.2.0/../../../../arm-none-eabi/lib/armv6k/fpu\libg.a(libc_a-reallocr.o)
                0x00112490                _realloc_r
 .text._wcsrtombs_r
                0x00112930       0x28 C:/devkitPro/devkitARM/bin/../lib/gcc/arm-none-eabi/13.2.0/../../../../arm-none-eabi/lib/armv6k/fpu\libg.a(libc_a-wcsrtombs.o)
                0x00112930                _wcsrtombs_r
 .text.__swsetup_r
                0x00112958      0x138 C:/devkitPro/devkitARM/bin/../lib/gcc/arm-none-eabi/13.2.0/../../../../arm-none-eabi/lib/armv6k/fpu\libg.a(libc_a-wsetup.o)
                0x00112958                __swsetup_r
 .text.frexp    0x00112a90       0x88 C:/devkitPro/devkitARM/bin/../lib/gcc/arm-none-eabi/13.2.0/../../../../arm-none-eabi/lib/armv6k/fpu\libg.a(libm_a-s_frexp.o)
                0x00112a90                frexp
 .text.memmove  0x00112b18      0x150 C:/devkitPro/devkitARM/bin/../lib/gcc/arm-none-eabi/13.2.0/../../../../arm-none-eabi/lib/armv6k/fpu\libg.a(libc_a-memmove.o)
                0x00112b18                memmove
 .text.__assert_func
                0x00112c68       0x5c C:/devkitPro/devkitARM/bin/../lib/gcc/arm-none-eabi/13.2.0/../../../../arm-none-eabi/lib/armv6k/fpu\libg.a(libc_a-assert.o)
                0x00112c68                __assert_func
 .text._Balloc  0x00112cc4       0x88 C:/devkitPro/devkitARM/bin/../lib/gcc/arm-none-eabi/13.2.0/../../../../arm-none-eabi/lib/armv6k/fpu\libg.a(libc_a-mprec.o)
                0x00112cc4                _Balloc
 .text._Bfree   0x00112d4c       0x1c C:/devkitPro/devkitARM/bin/../lib/gcc/arm-none-eabi/13.2.0/../../../../arm-none-eabi/lib/armv6k/fpu\libg.a(libc_a-mprec.o)
                0x00112d4c                _Bfree
 .text.__multadd
                0x00112d68       0xf4 C:/devkitPro/devkitARM/bin/../lib/gcc/arm-none-eabi/13.2.0/../../../../arm-none-eabi/lib/armv6k/fpu\libg.a(libc_a-mprec.o)
                0x00112d68                __multadd
 .text.__hi0bits
                0x00112e5c       0x60 C:/devkitPro/devkitARM/bin/../lib/gcc/arm-none-eabi/13.2.0/../../../../arm-none-eabi/lib/armv6k/fpu\libg.a(libc_a-mprec.o)
                0x00112e5c                __hi0bits
 .text.__lo0bits
                0x00112ebc       0x9c C:/devkitPro/devkitARM/bin/../lib/gcc/arm-none-eabi/13.2.0/../../../../arm-none-eabi/lib/armv6k/fpu\libg.a(libc_a-mprec.o)
                0x00112ebc                __lo0bits
 .text.__i2b    0x00112f58       0xa4 C:/devkitPro/devkitARM/bin/../lib/gcc/arm-none-eabi/13.2.0/../../../../arm-none-eabi/lib/armv6k/fpu\libg.a(libc_a-mprec.o)
                0x00112f58                __i2b
 .text.__multiply
                0x00112ffc      0x204 C:/devkitPro/devkitARM/bin/../lib/gcc/arm-none-eabi/13.2.0/../../../../arm-none-eabi/lib/armv6k/fpu\libg.a(libc_a-mprec.o)
                0x00112ffc                __multiply
 .text.__pow5mult
                0x00113200      0x128 C:/devkitPro/devkitARM/bin/../lib/gcc/arm-none-eabi/13.2.0/../../../../arm-none-eabi/lib/armv6k/fpu\libg.a(libc_a-mprec.o)
                0x00113200                __pow5mult
 .text.__lshift
                0x00113328      0x140 C:/devkitPro/devkitARM/bin/../lib/gcc/arm-none-eabi/13.2.0/../../../../arm-none-eabi/lib/armv6k/fpu\libg.a(libc_a-mprec.o)
                0x00113328                __lshift
 .text.__mcmp   0x00113468       0x58 C:/devkitPro/devkitARM/bin/../lib/gcc/arm-none-eabi/13.2.0/../../../../arm-none-eabi/lib/armv6k/fpu\libg.a(libc_a-mprec.o)
                0x00113468                __mcmp
 .text.__mdiff  0x001134c0      0x1fc C:/devkitPro/devkitARM/bin/../lib/gcc/arm-none-eabi/13.2.0/../../../../arm-none-eabi/lib/armv6k/fpu\libg.a(libc_a-mprec.o)
                0x001134c0                __mdiff
 .text.__d2b    0x001136bc      0x124 C:/devkitPro/devkitARM/bin/../lib/gcc/arm-none-eabi/13.2.0/../../../../arm-none-eabi/lib/armv6k/fpu\libg.a(libc_a-mprec.o)
                0x001136bc                __d2b
 .text.__locale_mb_cur_max
                0x001137e0       0x24 C:/devkitPro/devkitARM/bin/../lib/gcc/arm-none-eabi/13.2.0/../../../../arm-none-eabi/lib/armv6k/fpu\libg.a(libc_a-locale.o)
                0x001137e0                __locale_mb_cur_max
 .text.fiprintf
                0x00113804       0x3c C:/devkitPro/devkitARM/bin/../lib/gcc/arm-none-eabi/13.2.0/../../../../arm-none-eabi/lib/armv6k/fpu\libg.a(libc_a-fiprintf.o)
                0x00113804                fiprintf
 .text._wcsnrtombs_l
                0x00113840      0x188 C:/devkitPro/devkitARM/bin/../lib/gcc/arm-none-eabi/13.2.0/../../../../arm-none-eabi/lib/armv6k/fpu\libg.a(libc_a-wcsnrtombs.o)
                0x00113840                _wcsnrtombs_l
 .text._wcsnrtombs_r
                0x001139c8       0x64 C:/devkitPro/devkitARM/bin/../lib/gcc/arm-none-eabi/13.2.0/../../../../arm-none-eabi/lib/armv6k/fpu\libg.a(libc_a-wcsnrtombs.o)
                0x001139c8                _wcsnrtombs_r
 .text.__utf8_mbtowc
                0x00113a2c      0x2f8 C:/devkitPro/devkitARM/bin/../lib/gcc/arm-none-eabi/13.2.0/../../../../arm-none-eabi/lib/armv6k/fpu\libg.a(libc_a-mbtowc_r.o)
                0x00113a2c                __utf8_mbtowc
 .text.__sprint_r
                0x00113d24       0x30 C:/devkitPro/devkitARM/bin/../lib/gcc/arm-none-eabi/13.2.0/../../../../arm-none-eabi/lib/armv6k/fpu\libg.a(libc_a-sprint_r.o)
                0x00113d24                __sprint_r
 .text.abort    0x00113d54       0x14 C:/devkitPro/devkitARM/bin/../lib/gcc/arm-none-eabi/13.2.0/../../../../arm-none-eabi/lib/armv6k/fpu\libg.a(libc_a-abort.o)
                0x00113d54                abort
 .text._localeconv_r
                0x00113d68       0x24 C:/devkitPro/devkitARM/bin/../lib/gcc/arm-none-eabi/13.2.0/../../../../arm-none-eabi/lib/armv6k/fpu\libg.a(libc_a-localeconv.o)
                0x00113d68                _localeconv_r
 .text._calloc_r
                0x00113d8c       0xc0 C:/devkitPro/devkitARM/bin/../lib/gcc/arm-none-eabi/13.2.0/../../../../arm-none-eabi/lib/armv6k/fpu\libg.a(libc_a-callocr.o)
                0x00113d8c                _calloc_r
 .text.__utf8_wctomb
                0x00113e4c       0xf0 C:/devkitPro/devkitARM/bin/../lib/gcc/arm-none-eabi/13.2.0/../../../../arm-none-eabi/lib/armv6k/fpu\libg.a(libc_a-wctomb_r.o)
                0x00113e4c                __utf8_wctomb
 .text.strchr   0x00113f3c      0x130 C:/devkitPro/devkitARM/bin/../lib/gcc/arm-none-eabi/13.2.0/../../../../arm-none-eabi/lib/armv6k/fpu\libg.a(libc_a-strchr.o)
                0x00113f3c                strchr
 .text._raise_r
                0x0011406c       0x90 C:/devkitPro/devkitARM/bin/../lib/gcc/arm-none-eabi/13.2.0/../../../../arm-none-eabi/lib/armv6k/fpu\libg.a(libc_a-signal.o)
                0x0011406c                _raise_r
 .text.raise    0x001140fc       0x18 C:/devkitPro/devkitARM/bin/../lib/gcc/arm-none-eabi/13.2.0/../../../../arm-none-eabi/lib/armv6k/fpu\libg.a(libc_a-signal.o)
                0x001140fc                raise
 .text.get_arg  0x00114114      0x64c C:/devkitPro/devkitARM/bin/../lib/gcc/arm-none-eabi/13.2.0/../../../../arm-none-eabi/lib/armv6k/fpu\libg.a(libc_a-vfiprintf.o)
 .text._vfiprintf_r
                0x00114760     0x2300 C:/devkitPro/devkitARM/bin/../lib/gcc/arm-none-eabi/13.2.0/../../../../arm-none-eabi/lib/armv6k/fpu\libg.a(libc_a-vfiprintf.o)
                0x00114760                _vfiprintf_r
 .text.__sbprintf
                0x00116a60       0xb8 C:/devkitPro/devkitARM/bin/../lib/gcc/arm-none-eabi/13.2.0/../../../../arm-none-eabi/lib/armv6k/fpu\libg.a(libc_a-vfiprintf.o)
 .text._exit    0x00116b18       0x20 C:/devkitPro/devkitARM/bin/../lib/gcc/arm-none-eabi/13.2.0/../../../../arm-none-eabi/lib/armv6k/fpu\libsysbase.a(libsysbase_libsysbase_a-_exit.o)
                0x00116b18                _exit
 .text.chdir    0x00116b38      0x13c C:/devkitPro/devkitARM/bin/../lib/gcc/arm-none-eabi/13.2.0/../../../../arm-none-eabi/lib/armv6k/fpu\libsysbase.a(libsysbase_libsysbase_a-chdir.o)
                0x00116b38                chdir
 .text._concatenate_path
                0x00116c74      0x1cc C:/devkitPro/devkitARM/bin/../lib/gcc/arm-none-eabi/13.2.0/../../../../arm-none-eabi/lib/armv6k/fpu\libsysbase.a(libsysbase_libsysbase_a-concatenate.o)
                0x00116c74                _concatenate_path
 .text._fstat_r
                0x00116e40       0x78 C:/devkitPro/devkitARM/bin/../lib/gcc/arm-none-eabi/13.2.0/../../../../arm-none-eabi/lib/armv6k/fpu\libsysbase.a(libsysbase_libsysbase_a-fstat.o)
                0x00116e40                _fstat_r
 .text._getpid_r
                0x00116eb8       0x14 C:/devkitPro/devkitARM/bin/../lib/gcc/arm-none-eabi/13.2.0/../../../../arm-none-eabi/lib/armv6k/fpu\libsysbase.a(libsysbase_libsysbase_a-getpid.o)
                0x00116eb8                _getpid_r
 .text.__getreent
                0x00116ecc       0x2c C:/devkitPro/devkitARM/bin/../lib/gcc/arm-none-eabi/13.2.0/../../../../arm-none-eabi/lib/armv6k/fpu\libsysbase.a(libsysbase_libsysbase_a-getreent.o)
                0x00116ecc                __getreent
 .text._gettimeofday_r
                0x00116ef8       0x30 C:/devkitPro/devkitARM/bin/../lib/gcc/arm-none-eabi/13.2.0/../../../../arm-none-eabi/lib/armv6k/fpu\libsysbase.a(libsysbase_libsysbase_a-gettod.o)
                0x00116ef8                _gettimeofday_r
 .text.__get_handle
                0x00116f28       0x3c C:/devkitPro/devkitARM/bin/../lib/gcc/arm-none-eabi/13.2.0/../../../../arm-none-eabi/lib/armv6k/fpu\libsysbase.a(libsysbase_libsysbase_a-handle_manager.o)
                0x00116f28                __get_handle
 .text._close_r
                0x00116f64       0xf4 C:/devkitPro/devkitARM/bin/../lib/gcc/arm-none-eabi/13.2.0/../../../../arm-none-eabi/lib/armv6k/fpu\libsysbase.a(libsysbase_libsysbase_a-handle_manager.o)
                0x00116f64                _close_r
 .text.null_write
                0x00117058        0x8 C:/devkitPro/devkitARM/bin/../lib/gcc/arm-none-eabi/13.2.0/../../../../arm-none-eabi/lib/armv6k/fpu\libsysbase.a(libsysbase_libsysbase_a-iosupport.o)
 .text.setDefaultDevice
                0x00117060       0x18 C:/devkitPro/devkitARM/bin/../lib/gcc/arm-none-eabi/13.2.0/../../../../arm-none-eabi/lib/armv6k/fpu\libsysbase.a(libsysbase_libsysbase_a-iosupport.o)
                0x00117060                setDefaultDevice
 .text.FindDevice
                0x00117078       0xc8 C:/devkitPro/devkitARM/bin/../lib/gcc/arm-none-eabi/13.2.0/../../../../arm-none-eabi/lib/armv6k/fpu\libsysbase.a(libsysbase_libsysbase_a-iosupport.o)
                0x00117078                FindDevice
 .text.RemoveDevice
                0x00117140       0x28 C:/devkitPro/devkitARM/bin/../lib/gcc/arm-none-eabi/13.2.0/../../../../arm-none-eabi/lib/armv6k/fpu\libsysbase.a(libsysbase_libsysbase_a-iosupport.o)
                0x00117140                RemoveDevice
 .text.AddDevice
                0x00117168       0x9c C:/devkitPro/devkitARM/bin/../lib/gcc/arm-none-eabi/13.2.0/../../../../arm-none-eabi/lib/armv6k/fpu\libsysbase.a(libsysbase_libsysbase_a-iosupport.o)
                0x00117168                AddDevice
 .text.GetDeviceOpTab
                0x00117204       0x20 C:/devkitPro/devkitARM/bin/../lib/gcc/arm-none-eabi/13.2.0/../../../../arm-none-eabi/lib/armv6k/fpu\libsysbase.a(libsysbase_libsysbase_a-iosupport.o)
                0x00117204                GetDeviceOpTab
 .text._isatty_r
                0x00117224        0x8 C:/devkitPro/devkitARM/bin/../lib/gcc/arm-none-eabi/13.2.0/../../../../arm-none-eabi/lib/armv6k/fpu\libsysbase.a(libsysbase_libsysbase_a-isatty.o)
                0x00117224                _isatty_r
 .text._kill_r  0x0011722c       0x14 C:/devkitPro/devkitARM/bin/../lib/gcc/arm-none-eabi/13.2.0/../../../../arm-none-eabi/lib/armv6k/fpu\libsysbase.a(libsysbase_libsysbase_a-kill.o)
                0x0011722c                _kill_r
 .text._lseek_r
                0x00117240       0x84 C:/devkitPro/devkitARM/bin/../lib/gcc/arm-none-eabi/13.2.0/../../../../arm-none-eabi/lib/armv6k/fpu\libsysbase.a(libsysbase_libsysbase_a-lseek.o)
                0x00117240                _lseek_r
 .text._read_r  0x001172c4       0x80 C:/devkitPro/devkitARM/bin/../lib/gcc/arm-none-eabi/13.2.0/../../../../arm-none-eabi/lib/armv6k/fpu\libsysbase.a(libsysbase_libsysbase_a-read.o)
                0x001172c4                _read_r
 .text._sbrk_r  0x00117344       0x78 C:/devkitPro/devkitARM/bin/../lib/gcc/arm-none-eabi/13.2.0/../../../../arm-none-eabi/lib/armv6k/fpu\libsysbase.a(libsysbase_libsysbase_a-sbrk.o)
                0x00117344                _sbrk_r
 .text.__libc_lock_acquire
                0x001173bc       0x1c C:/devkitPro/devkitARM/bin/../lib/gcc/arm-none-eabi/13.2.0/../../../../arm-none-eabi/lib/armv6k/fpu\libsysbase.a(libsysbase_libsysbase_a-syscall_support.o)
                0x001173bc                __libc_lock_acquire
 .text.__libc_lock_release
                0x001173d8       0x1c C:/devkitPro/devkitARM/bin/../lib/gcc/arm-none-eabi/13.2.0/../../../../arm-none-eabi/lib/armv6k/fpu\libsysbase.a(libsysbase_libsysbase_a-syscall_support.o)
                0x001173d8                __libc_lock_release
 .text.__libc_lock_acquire_recursive
                0x001173f4       0x1c C:/devkitPro/devkitARM/bin/../lib/gcc/arm-none-eabi/13.2.0/../../../../arm-none-eabi/lib/armv6k/fpu\libsysbase.a(libsysbase_libsysbase_a-syscall_support.o)
                0x001173f4                __libc_lock_acquire_recursive
 .text.__libc_lock_release_recursive
                0x00117410       0x1c C:/devkitPro/devkitARM/bin/../lib/gcc/arm-none-eabi/13.2.0/../../../../arm-none-eabi/lib/armv6k/fpu\libsysbase.a(libsysbase_libsysbase_a-syscall_support.o)
                0x00117410                __libc_lock_release_recursive
 .text._write_r
                0x0011742c       0x80 C:/devkitPro/devkitARM/bin/../lib/gcc/arm-none-eabi/13.2.0/../../../../arm-none-eabi/lib/armv6k/fpu\libsysbase.a(libsysbase_libsysbase_a-write.o)
                0x0011742c                _write_r
 .text.strrchr  0x001174ac       0x48 C:/devkitPro/devkitARM/bin/../lib/gcc/arm-none-eabi/13.2.0/../../../../arm-none-eabi/lib/armv6k/fpu\libg.a(libc_a-strrchr.o)
                0x001174ac                strrchr
 *(.glue_7)
 .glue_7        0x001174f4        0x0 linker stubs
 *(.glue_7t)
 .glue_7t       0x001174f4        0x0 linker stubs
 *(.stub)
 *(.gnu.warning)
 *(.gnu.linkonce.t*)
                0x001174f4                        . = ALIGN (0x4)
 *(.fini)
 .fini          0x001174f4        0xc C:/devkitPro/devkitARM/bin/../lib/gcc/arm-none-eabi/13.2.0/armv6k/fpu/crti.o
                0x001174f4                _fini
 .fini          0x00117500        0xc C:/devkitPro/devkitARM/bin/../lib/gcc/arm-none-eabi/13.2.0/armv6k/fpu/crtn.o
                0x0011750c                        . = ALIGN (0x4)

.vfp11_veneer   0x0011750c        0x0
 .vfp11_veneer  0x0011750c        0x0 linker stubs

.v4_bx          0x0011750c        0x0
 .v4_bx         0x0011750c        0x0 linker stubs

.iplt           0x0011750c        0x0
 .iplt          0x0011750c        0x0 C:/devkitPro/devkitARM/bin/../lib/gcc/arm-none-eabi/13.2.0/../../../../arm-none-eabi/lib/armv6k/fpu/3dsx_crt0.o
                0x00118000                        . = ALIGN (0x1000)

.rodata         0x00118000     0x10ac
 *(.rodata)
 .rodata        0x00118000        0xc C:/devkitPro/libctru/lib\libctru.a(archive_dev.o)
 *(.roda)
 *(.rodata.*)
 .rodata.str1.4
                0x0011800c      0x234 main.o
                                 0x5f (size before relaxing)
 .rodata.str1.4
                0x00118240       0x10 C:/devkitPro/libctru/lib\libctru.a(console.o)
 .rodata.dotab_stdout
                0x00118240       0x80 C:/devkitPro/libctru/lib\libctru.a(console.o)
 .rodata.grayScale
                0x001182c0       0x18 C:/devkitPro/libctru/lib\libctru.a(console.o)
 .rodata.colorCube
                0x001182d8        0x6 C:/devkitPro/libctru/lib\libctru.a(console.o)
 *fill*         0x001182de        0x2 
 .rodata.colorTable
                0x001182e0       0x30 C:/devkitPro/libctru/lib\libctru.a(console.o)
 .rodata.aptSendCommand.str1.4
                0x00118310       0x16 C:/devkitPro/libctru/lib\libctru.a(apt.o)
 .rodata.morton_y.2
                0x00118310        0x8 C:/devkitPro/libctru/lib\libctru.a(apt.o)
 .rodata.morton_x.3
                0x00118318        0x8 C:/devkitPro/libctru/lib\libctru.a(apt.o)
 .rodata.s_sleepWakeEvents.4
                0x00118320        0x8 C:/devkitPro/libctru/lib\libctru.a(apt.o)
 .rodata.gspInit.str1.4
                0x00118328        0x9 C:/devkitPro/libctru/lib\libctru.a(gspgpu.o)
 .rodata.hidInit.str1.4
                0x00118328       0x15 C:/devkitPro/libctru/lib\libctru.a(hid.o)
 .rodata.irrstInit.str1.4
                0x00118328        0x7 C:/devkitPro/libctru/lib\libctru.a(irrst.o)
 .rodata.__system_initArgv.str1.4
                0x00118328        0xa C:/devkitPro/libctru/lib\libctru.a(initArgv.o)
 .rodata.default_font_bin
                0x00118328      0x800 C:/devkitPro/libctru/lib\libctru.a(default_font.bin.o)
                0x00118328                default_font_bin
                0x00118b28                default_font_bin_end
 .rodata.srvInit.str1.4
                0x00118b28        0x5 C:/devkitPro/libctru/lib\libctru.a(srv.o)
 .rodata.ptmSysmInit.str1.4
                0x00118b28        0x9 C:/devkitPro/libctru/lib\libctru.a(ptmsysm.o)
 .rodata.archive_utf16path.str1.4
                0x00118b28        0x2 C:/devkitPro/libctru/lib\libctru.a(archive_dev.o)
 .rodata._archiveUnmountDeviceStruct.part.0.str1.4
                0x00118b28        0x2 C:/devkitPro/libctru/lib\libctru.a(archive_dev.o)
 .rodata._archiveMountDevice.str1.4
                0x00118b28        0xc C:/devkitPro/libctru/lib\libctru.a(archive_dev.o)
 .rodata.archiveMountSdmc.str1.4
                0x00118b28        0x5 C:/devkitPro/libctru/lib\libctru.a(archive_dev.o)
 .rodata.error_table
                0x00118b28       0x30 C:/devkitPro/libctru/lib\libctru.a(archive_dev.o)
 .rodata.str1.4
                0x00118b58        0x8 C:/devkitPro/libctru/lib\libctru.a(archive_dev.o)
 .rodata.archive_devoptab
                0x00118b58       0x80 C:/devkitPro/libctru/lib\libctru.a(archive_dev.o)
 .rodata.fsInit.str1.4
                0x00118bd8        0x8 C:/devkitPro/libctru/lib\libctru.a(fs.o)
 .rodata._ctype_
                0x00118bd8      0x101 C:/devkitPro/devkitARM/bin/../lib/gcc/arm-none-eabi/13.2.0/../../../../arm-none-eabi/lib/armv6k/fpu\libg.a(libc_a-ctype_.o)
                0x00118bd8                _ctype_
 .rodata._puts_r.str1.4
                0x00118cd9        0x2 C:/devkitPro/devkitARM/bin/../lib/gcc/arm-none-eabi/13.2.0/../../../../arm-none-eabi/lib/armv6k/fpu\libg.a(libc_a-puts.o)
 .rodata._vfprintf_r.str1.1
                0x00118cd9       0x3b C:/devkitPro/devkitARM/bin/../lib/gcc/arm-none-eabi/13.2.0/../../../../arm-none-eabi/lib/armv6k/fpu\libg.a(libc_a-vfprintf.o)
 .rodata.zeroes.0
                0x00118d14       0x10 C:/devkitPro/devkitARM/bin/../lib/gcc/arm-none-eabi/13.2.0/../../../../arm-none-eabi/lib/armv6k/fpu\libg.a(libc_a-vfprintf.o)
 .rodata.blanks.1
                0x00118d24       0x10 C:/devkitPro/devkitARM/bin/../lib/gcc/arm-none-eabi/13.2.0/../../../../arm-none-eabi/lib/armv6k/fpu\libg.a(libc_a-vfprintf.o)
 .rodata._dtoa_r.str1.4
                0x00118d34       0x6a C:/devkitPro/devkitARM/bin/../lib/gcc/arm-none-eabi/13.2.0/../../../../arm-none-eabi/lib/armv6k/fpu\libg.a(libc_a-dtoa.o)
 .rodata.__action_table
                0x00118d34       0x6c C:/devkitPro/devkitARM/bin/../lib/gcc/arm-none-eabi/13.2.0/../../../../arm-none-eabi/lib/armv6k/fpu\libg.a(libc_a-svfiprintf.o)
                0x00118d34                __action_table
 .rodata.__state_table
                0x00118da0       0x6c C:/devkitPro/devkitARM/bin/../lib/gcc/arm-none-eabi/13.2.0/../../../../arm-none-eabi/lib/armv6k/fpu\libg.a(libc_a-svfiprintf.o)
                0x00118da0                __state_table
 .rodata.__chclass
                0x00118e0c      0x100 C:/devkitPro/devkitARM/bin/../lib/gcc/arm-none-eabi/13.2.0/../../../../arm-none-eabi/lib/armv6k/fpu\libg.a(libc_a-svfiprintf.o)
                0x00118e0c                __chclass
 .rodata.__assert_func.str1.4
                0x00118f0c       0x43 C:/devkitPro/devkitARM/bin/../lib/gcc/arm-none-eabi/13.2.0/../../../../arm-none-eabi/lib/armv6k/fpu\libg.a(libc_a-assert.o)
 .rodata.__multadd.str1.4
                0x00118f0c       0x57 C:/devkitPro/devkitARM/bin/../lib/gcc/arm-none-eabi/13.2.0/../../../../arm-none-eabi/lib/armv6k/fpu\libg.a(libc_a-mprec.o)
 .rodata.p05.0  0x00118f0c        0xc C:/devkitPro/devkitARM/bin/../lib/gcc/arm-none-eabi/13.2.0/../../../../arm-none-eabi/lib/armv6k/fpu\libg.a(libc_a-mprec.o)
 .rodata.__mprec_bigtens
                0x00118f18       0x28 C:/devkitPro/devkitARM/bin/../lib/gcc/arm-none-eabi/13.2.0/../../../../arm-none-eabi/lib/armv6k/fpu\libg.a(libc_a-mprec.o)
                0x00118f18                __mprec_bigtens
 .rodata.__mprec_tens
                0x00118f40       0xc8 C:/devkitPro/devkitARM/bin/../lib/gcc/arm-none-eabi/13.2.0/../../../../arm-none-eabi/lib/armv6k/fpu\libg.a(libc_a-mprec.o)
                0x00118f40                __mprec_tens
 .rodata.str1.4
                0x00119008       0x4c C:/devkitPro/devkitARM/bin/../lib/gcc/arm-none-eabi/13.2.0/../../../../arm-none-eabi/lib/armv6k/fpu\libg.a(libc_a-locale.o)
 .rodata._vfiprintf_r.str1.1
                0x00119008       0x29 C:/devkitPro/devkitARM/bin/../lib/gcc/arm-none-eabi/13.2.0/../../../../arm-none-eabi/lib/armv6k/fpu\libg.a(libc_a-vfiprintf.o)
 .rodata.zeroes.0
                0x00119008       0x10 C:/devkitPro/devkitARM/bin/../lib/gcc/arm-none-eabi/13.2.0/../../../../arm-none-eabi/lib/armv6k/fpu\libg.a(libc_a-vfiprintf.o)
 .rodata.blanks.1
                0x00119018       0x10 C:/devkitPro/devkitARM/bin/../lib/gcc/arm-none-eabi/13.2.0/../../../../arm-none-eabi/lib/armv6k/fpu\libg.a(libc_a-vfiprintf.o)
 .rodata.AddDevice.str1.4
                0x00119028        0x8 C:/devkitPro/devkitARM/bin/../lib/gcc/arm-none-eabi/13.2.0/../../../../arm-none-eabi/lib/armv6k/fpu\libsysbase.a(libsysbase_libsysbase_a-iosupport.o)
 .rodata.dotab_stdnull
                0x00119028       0x80 C:/devkitPro/devkitARM/bin/../lib/gcc/arm-none-eabi/13.2.0/../../../../arm-none-eabi/lib/armv6k/fpu\libsysbase.a(libsysbase_libsysbase_a-iosupport.o)
                0x00119028                dotab_stdnull
 *all.rodata*(*)
 *(.gnu.linkonce.r*)
                0x001190a8                        . = ALIGN (0x4)
                0x001190a8                        __tdata_align = .
                0x001190a8        0x4 LONG 0x4 ALIGNOF (.tdata)
                0x001190ac                        . = ALIGN (0x4)

.eh_frame       0x001190ac        0x0
 .eh_frame      0x001190ac        0x0 C:/devkitPro/devkitARM/bin/../lib/gcc/arm-none-eabi/13.2.0/armv6k/fpu/crtbegin.o

.rel.dyn        0x001190ac        0x0
 .rel.iplt      0x001190ac        0x0 C:/devkitPro/devkitARM/bin/../lib/gcc/arm-none-eabi/13.2.0/../../../../arm-none-eabi/lib/armv6k/fpu/3dsx_crt0.o
 .rel.got       0x001190ac        0x0 C:/devkitPro/devkitARM/bin/../lib/gcc/arm-none-eabi/13.2.0/../../../../arm-none-eabi/lib/armv6k/fpu/3dsx_crt0.o

.ARM.extab
 *(.ARM.extab* .gnu.linkonce.armextab.*)
                0x001190ac                        __exidx_start = .

.ARM.exidx
 *(.ARM.exidx* .gnu.linkonce.armexidx.*)
                0x001190ac                        __exidx_end = .
                0x0011a000                        . = ALIGN (0x1000)

.data           0x0011a000     0x1bc8
 *(.data)
 *(.data.*)
 .data.firstConsoleInit.0
                0x0011a000        0x1 C:/devkitPro/libctru/lib\libctru.a(console.o)
 *fill*         0x0011a001        0x3 
 .data.currentConsole
                0x0011a004        0x4 C:/devkitPro/libctru/lib\libctru.a(console.o)
                0x0011a004                currentConsole
 .data.defaultConsole
                0x0011a008       0x48 C:/devkitPro/libctru/lib\libctru.a(console.o)
                0x0011a008                defaultConsole
 .data.aptChainloadDeliverArgSize
                0x0011a050        0x4 C:/devkitPro/libctru/lib\libctru.a(apt.o)
 .data.kCount   0x0011a054        0x4 C:/devkitPro/libctru/lib\libctru.a(hid.o)
 .data.kInterval
                0x0011a058        0x4 C:/devkitPro/libctru/lib\libctru.a(hid.o)
 .data.kDelay   0x0011a05c        0x4 C:/devkitPro/libctru/lib\libctru.a(hid.o)
 .data.__stacksize__
                0x0011a060        0x4 C:/devkitPro/libctru/lib\libctru.a(stack_adjust.o)
                0x0011a060                __stacksize__
 .data._impure_ptr
                0x0011a064        0x4 C:/devkitPro/devkitARM/bin/../lib/gcc/arm-none-eabi/13.2.0/../../../../arm-none-eabi/lib/armv6k/fpu\libg.a(libc_a-impure.o)
                0x0011a064                _impure_ptr
 .data._impure_data
                0x0011a068      0x120 C:/devkitPro/devkitARM/bin/../lib/gcc/arm-none-eabi/13.2.0/../../../../arm-none-eabi/lib/armv6k/fpu\libg.a(libc_a-impure.o)
                0x0011a068                _impure_data
 .data.__sglue  0x0011a188        0xc C:/devkitPro/devkitARM/bin/../lib/gcc/arm-none-eabi/13.2.0/../../../../arm-none-eabi/lib/armv6k/fpu\libg.a(libc_a-findfp.o)
                0x0011a188                __sglue
 .data.__malloc_sbrk_base
                0x0011a194        0x4 C:/devkitPro/devkitARM/bin/../lib/gcc/arm-none-eabi/13.2.0/../../../../arm-none-eabi/lib/armv6k/fpu\libg.a(libc_a-mallocr.o)
                0x0011a194                __malloc_sbrk_base
 .data.__malloc_trim_threshold
                0x0011a198        0x4 C:/devkitPro/devkitARM/bin/../lib/gcc/arm-none-eabi/13.2.0/../../../../arm-none-eabi/lib/armv6k/fpu\libg.a(libc_a-mallocr.o)
                0x0011a198                __malloc_trim_threshold
 *fill*         0x0011a19c        0x4 
 .data.__malloc_av_
                0x0011a1a0      0x408 C:/devkitPro/devkitARM/bin/../lib/gcc/arm-none-eabi/13.2.0/../../../../arm-none-eabi/lib/armv6k/fpu\libg.a(libc_a-mallocr.o)
                0x0011a1a0                __malloc_av_
 .data.__global_locale
                0x0011a5a8      0x16c C:/devkitPro/devkitARM/bin/../lib/gcc/arm-none-eabi/13.2.0/../../../../arm-none-eabi/lib/armv6k/fpu\libg.a(libc_a-locale.o)
                0x0011a5a8                __global_locale
 .data._current_working_directory
                0x0011a714      0x400 C:/devkitPro/devkitARM/bin/../lib/gcc/arm-none-eabi/13.2.0/../../../../arm-none-eabi/lib/armv6k/fpu\libsysbase.a(libsysbase_libsysbase_a-chdir.o)
 .data.handles  0x0011ab14     0x1000 C:/devkitPro/devkitARM/bin/../lib/gcc/arm-none-eabi/13.2.0/../../../../arm-none-eabi/lib/armv6k/fpu\libsysbase.a(libsysbase_libsysbase_a-handle_manager.o)
 .data.__stderr_handle
                0x0011bb14        0xc C:/devkitPro/devkitARM/bin/../lib/gcc/arm-none-eabi/13.2.0/../../../../arm-none-eabi/lib/armv6k/fpu\libsysbase.a(libsysbase_libsysbase_a-handle_manager.o)
 .data.__stdout_handle
                0x0011bb20        0xc C:/devkitPro/devkitARM/bin/../lib/gcc/arm-none-eabi/13.2.0/../../../../arm-none-eabi/lib/armv6k/fpu\libsysbase.a(libsysbase_libsysbase_a-handle_manager.o)
 .data.__stdin_handle
                0x0011bb2c        0xc C:/devkitPro/devkitARM/bin/../lib/gcc/arm-none-eabi/13.2.0/../../../../arm-none-eabi/lib/armv6k/fpu\libsysbase.a(libsysbase_libsysbase_a-handle_manager.o)
 .data.devoptab_list
                0x0011bb38       0x8c C:/devkitPro/devkitARM/bin/../lib/gcc/arm-none-eabi/13.2.0/../../../../arm-none-eabi/lib/armv6k/fpu\libsysbase.a(libsysbase_libsysbase_a-iosupport.o)
                0x0011bb38                devoptab_list
 .data.defaultDevice
                0x0011bbc4        0x4 C:/devkitPro/devkitARM/bin/../lib/gcc/arm-none-eabi/13.2.0/../../../../arm-none-eabi/lib/armv6k/fpu\libsysbase.a(libsysbase_libsysbase_a-iosupport.o)
 *(.gnu.linkonce.d*)
                0x0011bbc8                        . = ALIGN (0x4)

.igot.plt       0x0011bbc8        0x0
 .igot.plt      0x0011bbc8        0x0 C:/devkitPro/devkitARM/bin/../lib/gcc/arm-none-eabi/13.2.0/../../../../arm-none-eabi/lib/armv6k/fpu/3dsx_crt0.o

.got            0x0011bbc8        0x8
 .got           0x0011bbc8        0x8 C:/devkitPro/devkitARM/bin/../lib/gcc/arm-none-eabi/13.2.0/../../../../arm-none-eabi/lib/armv6k/fpu/3dsx_crt0.o

.got.plt        0x0011bbd0        0xc
 .got.plt       0x0011bbd0        0xc C:/devkitPro/devkitARM/bin/../lib/gcc/arm-none-eabi/13.2.0/../../../../arm-none-eabi/lib/armv6k/fpu/3dsx_crt0.o
                0x0011bbd0                _GLOBAL_OFFSET_TABLE_

.tdata          0x0011bbdc        0x0
                0x0011bbdc                        __tdata_lma = .
 *(.tdata)
 *(.tdata.*)
 *(.gnu.linkonce.td.*)
                0x0011bbdc                        . = ALIGN (0x4)
                0x0011bbdc                        __tdata_lma_end = .

.tbss           0x0011bbdc      0xc08
 *(.tbss)
 *(.tbss.*)
 .tbss.__ctru_dev_utf16_buf
                0x0011bbdc      0x802 C:/devkitPro/libctru/lib\libctru.a(path_buf.o)
                0x0011bbdc                __ctru_dev_utf16_buf
 *fill*         0x0011c3de        0x2 
 .tbss.__ctru_dev_path_buf
                0x0011c3e0      0x401 C:/devkitPro/libctru/lib\libctru.a(path_buf.o)
                0x0011c3e0                __ctru_dev_path_buf
 *(.gnu.linkonce.tb.*)
 *(.tcommon)
                0x0011c7e4                        . = ALIGN (0x4)
 *fill*         0x0011c7e1        0x3 

.preinit_array  0x0011bbdc        0x0
                0x0011bbdc                        PROVIDE (__preinit_array_start = .)
 *(.preinit_array)
                0x0011bbdc                        PROVIDE (__preinit_array_end = .)

.init_array     0x0011bbdc        0x4
                0x0011bbdc                        PROVIDE (__init_array_start = .)
 *(SORT_BY_NAME(.init_array.*))
 *(.init_array)
 .init_array    0x0011bbdc        0x4 C:/devkitPro/devkitARM/bin/../lib/gcc/arm-none-eabi/13.2.0/armv6k/fpu/crtbegin.o
                0x0011bbe0                        PROVIDE (__init_array_end = .)

.fini_array     0x0011bbe0        0x4
                0x0011bbe0                        PROVIDE (__fini_array_start = .)
 *(.fini_array)
 .fini_array    0x0011bbe0        0x4 C:/devkitPro/devkitARM/bin/../lib/gcc/arm-none-eabi/13.2.0/armv6k/fpu/crtbegin.o
 *(SORT_BY_NAME(.fini_array.*))
                0x0011bbe4                        PROVIDE (__fini_array_end = .)

.ctors
 *crtbegin.o(.ctors)
 *(EXCLUDE_FILE(*crtend.o) .ctors)
 *(SORT_BY_NAME(.ctors.*))
 *(.ctors)

.dtors
 *crtbegin.o(.dtors)
 *(EXCLUDE_FILE(*crtend.o) .dtors)
 *(SORT_BY_NAME(.dtors.*))
 *(.dtors)
                0x0011bbe4                        __bss_start__ = .

.bss            0x0011bbe4     0x2de0
 *(.dynbss)
 *(.bss)
 *(.bss.*)
 .bss.completed.1
                0x0011bbe4        0x1 C:/devkitPro/devkitARM/bin/../lib/gcc/arm-none-eabi/13.2.0/armv6k/fpu/crtbegin.o
 *fill*         0x0011bbe5        0x3 
 .bss.object.0  0x0011bbe8       0x18 C:/devkitPro/devkitARM/bin/../lib/gcc/arm-none-eabi/13.2.0/armv6k/fpu/crtbegin.o
 .bss.escapeSeq
                0x0011bc00       0x1c C:/devkitPro/libctru/lib\libctru.a(console.o)
 .bss.currentCopy
                0x0011bc1c       0x48 C:/devkitPro/libctru/lib\libctru.a(console.o)
                0x0011bc1c                currentCopy
 .bss.screenAlloc
                0x0011bc64        0x4 C:/devkitPro/libctru/lib\libctru.a(gfx.o)
 .bss.screenFree
                0x0011bc68        0x4 C:/devkitPro/libctru/lib\libctru.a(gfx.o)
 .bss.gfxIsDoubleBuf
                0x0011bc6c        0x2 C:/devkitPro/libctru/lib\libctru.a(gfx.o)
 *fill*         0x0011bc6e        0x2 
 .bss.gfxCurBuf
                0x0011bc70        0x2 C:/devkitPro/libctru/lib\libctru.a(gfx.o)
 .bss.gfxIsVram
                0x0011bc72        0x1 C:/devkitPro/libctru/lib\libctru.a(gfx.o)
 .bss.gfxTopMode
                0x0011bc73        0x1 C:/devkitPro/libctru/lib\libctru.a(gfx.o)
 .bss.gfxFramebufferFormats
                0x0011bc74        0x2 C:/devkitPro/libctru/lib\libctru.a(gfx.o)
 *fill*         0x0011bc76        0x2 
 .bss.gfxBottomFramebufferMaxSize
                0x0011bc78        0x4 C:/devkitPro/libctru/lib\libctru.a(gfx.o)
 .bss.gfxTopFramebufferMaxSize
                0x0011bc7c        0x4 C:/devkitPro/libctru/lib\libctru.a(gfx.o)
 .bss.gfxBottomFramebuffers
                0x0011bc80        0x8 C:/devkitPro/libctru/lib\libctru.a(gfx.o)
 .bss.gfxTopFramebuffers
                0x0011bc88        0x8 C:/devkitPro/libctru/lib\libctru.a(gfx.o)
 .bss.flagValue.0
                0x0011bc90        0x1 C:/devkitPro/libctru/lib\libctru.a(apt.o)
 .bss.flagInit.1
                0x0011bc91        0x1 C:/devkitPro/libctru/lib\libctru.a(apt.o)
 *fill*         0x0011bc92        0x2 
 .bss.serviceName.6
                0x0011bc94        0x4 C:/devkitPro/libctru/lib\libctru.a(apt.o)
 .bss.aptChainloadFlags
                0x0011bc98        0x1 C:/devkitPro/libctru/lib\libctru.a(apt.o)
 .bss.aptChainloadMediatype
                0x0011bc99        0x1 C:/devkitPro/libctru/lib\libctru.a(apt.o)
 *fill*         0x0011bc9a        0x2 
 .bss.aptChainloadHmac
                0x0011bc9c       0x20 C:/devkitPro/libctru/lib\libctru.a(apt.o)
 .bss.aptChainloadDeliverArg
                0x0011bcbc      0x300 C:/devkitPro/libctru/lib\libctru.a(apt.o)
 *fill*         0x0011bfbc        0x4 
 .bss.aptChainloadTid
                0x0011bfc0        0x8 C:/devkitPro/libctru/lib\libctru.a(apt.o)
 .bss.aptParameters
                0x0011bfc8     0x1000 C:/devkitPro/libctru/lib\libctru.a(apt.o)
 .bss.aptFlags  0x0011cfc8        0x4 C:/devkitPro/libctru/lib\libctru.a(apt.o)
 .bss.aptHomeButtonState
                0x0011cfcc        0x1 C:/devkitPro/libctru/lib\libctru.a(apt.o)
 *fill*         0x0011cfcd        0x3 
 .bss.aptMessageFuncData
                0x0011cfd0        0x4 C:/devkitPro/libctru/lib\libctru.a(apt.o)
 .bss.aptMessageFunc
                0x0011cfd4        0x4 C:/devkitPro/libctru/lib\libctru.a(apt.o)
 .bss.aptFirstHook
                0x0011cfd8        0xc C:/devkitPro/libctru/lib\libctru.a(apt.o)
 .bss.aptEventHandlerThreadQuit
                0x0011cfe4        0x1 C:/devkitPro/libctru/lib\libctru.a(apt.o)
 *fill*         0x0011cfe5        0x3 
 .bss.aptEventHandlerThread
                0x0011cfe8        0x4 C:/devkitPro/libctru/lib\libctru.a(apt.o)
 .bss.aptSleepEvent
                0x0011cfec        0x8 C:/devkitPro/libctru/lib\libctru.a(apt.o)
 .bss.aptReceiveEvent
                0x0011cff4        0x8 C:/devkitPro/libctru/lib\libctru.a(apt.o)
 .bss.aptEvents
                0x0011cffc        0x8 C:/devkitPro/libctru/lib\libctru.a(apt.o)
 .bss.aptLockHandle
                0x0011d004        0x4 C:/devkitPro/libctru/lib\libctru.a(apt.o)
 .bss.aptRefCount
                0x0011d008        0x4 C:/devkitPro/libctru/lib\libctru.a(apt.o)
 .bss.gspEventCbOneShot
                0x0011d00c        0x7 C:/devkitPro/libctru/lib\libctru.a(gspgpu.o)
 *fill*         0x0011d013        0x1 
 .bss.gspEventCbData
                0x0011d014       0x1c C:/devkitPro/libctru/lib\libctru.a(gspgpu.o)
 .bss.gspEventCb
                0x0011d030       0x1c C:/devkitPro/libctru/lib\libctru.a(gspgpu.o)
 .bss.gspEvents
                0x0011d04c       0x38 C:/devkitPro/libctru/lib\libctru.a(gspgpu.o)
 .bss.gspLastEvent
                0x0011d084        0x4 C:/devkitPro/libctru/lib\libctru.a(gspgpu.o)
 .bss.gspRunEvents
                0x0011d088        0x1 C:/devkitPro/libctru/lib\libctru.a(gspgpu.o)
 *fill*         0x0011d089        0x3 
 .bss.gspEventThread
                0x0011d08c        0x4 C:/devkitPro/libctru/lib\libctru.a(gspgpu.o)
 .bss.gspEvent  0x0011d090        0x4 C:/devkitPro/libctru/lib\libctru.a(gspgpu.o)
 .bss.gspGpuRight
                0x0011d094        0x1 C:/devkitPro/libctru/lib\libctru.a(gspgpu.o)
 .bss.gspThreadId
                0x0011d095        0x1 C:/devkitPro/libctru/lib\libctru.a(gspgpu.o)
 *fill*         0x0011d096        0x2 
 .bss.gspSharedMem
                0x0011d098        0x4 C:/devkitPro/libctru/lib\libctru.a(gspgpu.o)
 .bss.gspSharedMemHandle
                0x0011d09c        0x4 C:/devkitPro/libctru/lib\libctru.a(gspgpu.o)
 .bss.gspRefCount
                0x0011d0a0        0x4 C:/devkitPro/libctru/lib\libctru.a(gspgpu.o)
 .bss.gspGpuHandle
                0x0011d0a4        0x4 C:/devkitPro/libctru/lib\libctru.a(gspgpu.o)
 .bss.usingIrrst
                0x0011d0a8        0x1 C:/devkitPro/libctru/lib\libctru.a(hid.o)
 *fill*         0x0011d0a9        0x3 
 .bss.hidRefCount
                0x0011d0ac        0x4 C:/devkitPro/libctru/lib\libctru.a(hid.o)
 .bss.gRate     0x0011d0b0        0x6 C:/devkitPro/libctru/lib\libctru.a(hid.o)
 *fill*         0x0011d0b6        0x2 
 .bss.aVec      0x0011d0b8        0x6 C:/devkitPro/libctru/lib\libctru.a(hid.o)
 *fill*         0x0011d0be        0x2 
 .bss.cPos      0x0011d0c0        0x4 C:/devkitPro/libctru/lib\libctru.a(hid.o)
 .bss.tPos      0x0011d0c4        0x4 C:/devkitPro/libctru/lib\libctru.a(hid.o)
 .bss.kRepeat   0x0011d0c8        0x4 C:/devkitPro/libctru/lib\libctru.a(hid.o)
 .bss.kUp       0x0011d0cc        0x4 C:/devkitPro/libctru/lib\libctru.a(hid.o)
 .bss.kDown     0x0011d0d0        0x4 C:/devkitPro/libctru/lib\libctru.a(hid.o)
 .bss.kHeld     0x0011d0d4        0x4 C:/devkitPro/libctru/lib\libctru.a(hid.o)
 .bss.kOld      0x0011d0d8        0x4 C:/devkitPro/libctru/lib\libctru.a(hid.o)
 .bss.hidSharedMem
                0x0011d0dc        0x4 C:/devkitPro/libctru/lib\libctru.a(hid.o)
                0x0011d0dc                hidSharedMem
 .bss.hidEvents
                0x0011d0e0       0x14 C:/devkitPro/libctru/lib\libctru.a(hid.o)
                0x0011d0e0                hidEvents
 .bss.hidMemHandle
                0x0011d0f4        0x4 C:/devkitPro/libctru/lib\libctru.a(hid.o)
                0x0011d0f4                hidMemHandle
 .bss.hidHandle
                0x0011d0f8        0x4 C:/devkitPro/libctru/lib\libctru.a(hid.o)
                0x0011d0f8                hidHandle
 .bss.irrstRefCount
                0x0011d0fc        0x4 C:/devkitPro/libctru/lib\libctru.a(irrst.o)
 .bss.csPos     0x0011d100        0x4 C:/devkitPro/libctru/lib\libctru.a(irrst.o)
 .bss.kHeld     0x0011d104        0x4 C:/devkitPro/libctru/lib\libctru.a(irrst.o)
 .bss.irrstSharedMem
                0x0011d108        0x4 C:/devkitPro/libctru/lib\libctru.a(irrst.o)
                0x0011d108                irrstSharedMem
 .bss.irrstEvent
                0x0011d10c        0x4 C:/devkitPro/libctru/lib\libctru.a(irrst.o)
                0x0011d10c                irrstEvent
 .bss.irrstMemHandle
                0x0011d110        0x4 C:/devkitPro/libctru/lib\libctru.a(irrst.o)
                0x0011d110                irrstMemHandle
 .bss.irrstHandle
                0x0011d114        0x4 C:/devkitPro/libctru/lib\libctru.a(irrst.o)
                0x0011d114                irrstHandle
 .bss.__system_retAddr
                0x0011d118        0x4 C:/devkitPro/libctru/lib\libctru.a(ctru_init.o)
                0x0011d118                __system_retAddr
 .bss.__system_argv
                0x0011d11c        0x4 C:/devkitPro/libctru/lib\libctru.a(initArgv.o)
                0x0011d11c                __system_argv
 .bss.__system_argc
                0x0011d120        0x4 C:/devkitPro/libctru/lib\libctru.a(initArgv.o)
                0x0011d120                __system_argc
 .bss.saved_stack.42
                0x0011d124        0x8 C:/devkitPro/libctru/lib\libctru.a(stack_adjust.o)
 *fill*         0x0011d12c        0x4 
 .bss._ZL11sLinearPool
                0x0011d130        0x8 C:/devkitPro/libctru/lib\libctru.a(linear.o)
 .bss._ZL8sAddrMap
                0x0011d138        0xc C:/devkitPro/libctru/lib\libctru.a(linear.o)
 *fill*         0x0011d144        0x4 
 .bss._ZL10sVramPoolB
                0x0011d148        0x8 C:/devkitPro/libctru/lib\libctru.a(vram.o)
 .bss._ZL10sVramPoolA
                0x0011d150        0x8 C:/devkitPro/libctru/lib\libctru.a(vram.o)
 .bss._ZL8sAddrMap
                0x0011d158        0xc C:/devkitPro/libctru/lib\libctru.a(vram.o)
 .bss.__3dslink_host
                0x0011d164        0x4 C:/devkitPro/libctru/lib\libctru.a(3dslink.o)
                0x0011d164                __3dslink_host
 .bss.__ctru_speedup
                0x0011d168        0x1 C:/devkitPro/libctru/lib\libctru.a(os.o)
                0x0011d168                __ctru_speedup
 *fill*         0x0011d169        0x3 
 .bss.srvRefCount
                0x0011d16c        0x4 C:/devkitPro/libctru/lib\libctru.a(srv.o)
 .bss.srvHandle
                0x0011d170        0x4 C:/devkitPro/libctru/lib\libctru.a(srv.o)
 .bss.arbiter   0x0011d174        0x4 C:/devkitPro/libctru/lib\libctru.a(synchronization.o)
 .bss.currentAddr
                0x0011d178        0x4 C:/devkitPro/libctru/lib\libctru.a(mappable.o)
 .bss.maxAddr   0x0011d17c        0x4 C:/devkitPro/libctru/lib\libctru.a(mappable.o)
 .bss.minAddr   0x0011d180        0x4 C:/devkitPro/libctru/lib\libctru.a(mappable.o)
 .bss.ptmSysmRefCount
                0x0011d184        0x4 C:/devkitPro/libctru/lib\libctru.a(ptmsysm.o)
 .bss.ptmSysmHandle
                0x0011d188        0x4 C:/devkitPro/libctru/lib\libctru.a(ptmsysm.o)
 .bss.srvPmHandle
                0x0011d18c        0x4 C:/devkitPro/libctru/lib\libctru.a(srvpm.o)
 .bss.__ctru_linear_heap_size
                0x0011d190        0x4 C:/devkitPro/libctru/lib\libctru.a(allocateHeaps.o)
                0x0011d190                __ctru_linear_heap_size
 .bss.__ctru_heap_size
                0x0011d194        0x4 C:/devkitPro/libctru/lib\libctru.a(allocateHeaps.o)
                0x0011d194                __ctru_heap_size
 .bss.__ctru_linear_heap
                0x0011d198        0x4 C:/devkitPro/libctru/lib\libctru.a(allocateHeaps.o)
                0x0011d198                __ctru_linear_heap
 .bss.__ctru_heap
                0x0011d19c        0x4 C:/devkitPro/libctru/lib\libctru.a(allocateHeaps.o)
                0x0011d19c                __ctru_heap
 .bss.archive_devices
                0x0011d1a0      0x5c0 C:/devkitPro/libctru/lib\libctru.a(archive_dev.o)
 .bss.archive_device_cwd
                0x0011d760        0x4 C:/devkitPro/libctru/lib\libctru.a(archive_dev.o)
 .bss.archive_initialized
                0x0011d764        0x1 C:/devkitPro/libctru/lib\libctru.a(archive_dev.o)
 *fill*         0x0011d765        0x3 
 .bss.fsExemptArchives
                0x0011d768       0x80 C:/devkitPro/libctru/lib\libctru.a(fs.o)
 .bss.fsuRefCount
                0x0011d7e8        0x4 C:/devkitPro/libctru/lib\libctru.a(fs.o)
 .bss.fsuHandle
                0x0011d7ec        0x4 C:/devkitPro/libctru/lib\libctru.a(fs.o)
 .bss.__sfp_recursive_mutex
                0x0011d7f0        0xc C:/devkitPro/devkitARM/bin/../lib/gcc/arm-none-eabi/13.2.0/../../../../arm-none-eabi/lib/armv6k/fpu\libg.a(libc_a-findfp.o)
 *fill*         0x0011d7fc        0x4 